#-----------------------------------------------------------
# Vivado v2024.2 (64-bit)
# SW Build 5239630 on Fri Nov 08 22:34:34 MST 2024
# IP Build 5239520 on Sun Nov 10 16:12:51 MST 2024
# SharedData Build 5239561 on Fri Nov 08 14:39:27 MST 2024
# Start of session at: Mon Apr 27 16:17:13 2026
# Process ID         : 219437
# Current directory  : /home/ian/amdFPGA/projects/secure_mem_riscv_ian
# Command line       : vivado -mode batch -source scripts/run_impl_secure_serial_pynq.tcl
# Log file           : /home/ian/amdFPGA/projects/secure_mem_riscv_ian/vivado.log
# Journal file       : /home/ian/amdFPGA/projects/secure_mem_riscv_ian/vivado.jou
# Running On         : lhotse
# Platform           : Ubuntu
# Operating System   : Ubuntu 24.04.3 LTS
# Processor Detail   : 13th Gen Intel(R) Core(TM) i7-13700H
# CPU Frequency      : 590.115 MHz
# CPU Physical cores : 14
# CPU Logical cores  : 20
# Host memory        : 67094 MB
# Swap memory        : 8589 MB
# Total Virtual      : 75684 MB
# Available Virtual  : 59179 MB
#-----------------------------------------------------------
source scripts/run_impl_secure_serial_pynq.tcl
# set script_dir [file dirname [file normalize [info script]]]
# set root_dir   [file normalize [file join $script_dir ..]]
# set default_xpr [file normalize [file join $root_dir vivado_projects fixed_encryption_clean fixed_encryption_clean.xpr]]
# set xpr_path $default_xpr
# if {$argc >= 1} {
#     set xpr_path [file normalize [lindex $argv 0]]
# }
# if {![file exists $xpr_path]} {
#     puts "ERROR: project not found:"
#     puts "  $xpr_path"
#     exit 1
# }
# open_project $xpr_path
INFO: [filemgmt 56-3] Default IP Output Path : Could not find the directory '/home/ian/amdFPGA/projects/secure_mem_riscv_ian/vivado_projects/fixed_encryption_clean/fixed_encryption_clean.gen/sources_1'.
Scanning sources...
Finished scanning sources
# update_compile_order -fileset sources_1
# reset_run synth_1
INFO: [Project 1-1160] Copying file /home/ian/amdFPGA/projects/secure_mem_riscv_ian/vivado_projects/fixed_encryption_clean/fixed_encryption_clean.runs/synth_1/secure_serial_clean_top.dcp to /home/ian/amdFPGA/projects/secure_mem_riscv_ian/vivado_projects/fixed_encryption_clean/fixed_encryption_clean.srcs/utils_1/imports/synth_1 and adding it to utils fileset
# reset_run impl_1
# launch_runs synth_1 -jobs 4
[Mon Apr 27 16:17:21 2026] Launched synth_1...
Run output will be captured here: /home/ian/amdFPGA/projects/secure_mem_riscv_ian/vivado_projects/fixed_encryption_clean/fixed_encryption_clean.runs/synth_1/runme.log
# wait_on_run synth_1
[Mon Apr 27 16:17:21 2026] Waiting for synth_1 to finish...

*** Running vivado
    with args -log secure_serial_clean_top.vds -m64 -product Vivado -mode batch -messageDb vivado.pb -notrace -source secure_serial_clean_top.tcl


****** Vivado v2024.2 (64-bit)
  **** SW Build 5239630 on Fri Nov 08 22:34:34 MST 2024
  **** IP Build 5239520 on Sun Nov 10 16:12:51 MST 2024
  **** SharedData Build 5239561 on Fri Nov 08 14:39:27 MST 2024
  **** Start of session at: Mon Apr 27 16:17:23 2026
    ** Copyright 1986-2022 Xilinx, Inc. All Rights Reserved.
    ** Copyright 2022-2024 Advanced Micro Devices, Inc. All Rights Reserved.

source secure_serial_clean_top.tcl -notrace
Command: read_checkpoint -auto_incremental -incremental /home/ian/amdFPGA/projects/secure_mem_riscv_ian/vivado_projects/fixed_encryption_clean/fixed_encryption_clean.srcs/utils_1/imports/synth_1/secure_serial_clean_top.dcp
INFO: [Vivado 12-5825] Read reference checkpoint from /home/ian/amdFPGA/projects/secure_mem_riscv_ian/vivado_projects/fixed_encryption_clean/fixed_encryption_clean.srcs/utils_1/imports/synth_1/secure_serial_clean_top.dcp for incremental synthesis
INFO: [Vivado 12-7989] Please ensure there are no constraint changes
Command: synth_design -top secure_serial_clean_top -part xc7z020clg400-1 -directive PerformanceOptimized -fsm_extraction one_hot -keep_equivalent_registers -resource_sharing off -no_lc -shreg_min_size 5
Starting synth_design
Attempting to get a license for feature 'Synthesis' and/or device 'xc7z020'
INFO: [Common 17-349] Got license for feature 'Synthesis' and/or device 'xc7z020'
INFO: [Synth 8-7079] Multithreading enabled for synth_design using a maximum of 7 processes.
INFO: [Synth 8-7078] Launching helper process for spawning children vivado processes
INFO: [Synth 8-7075] Helper process launched with PID 219674
---------------------------------------------------------------------------------
Starting Synthesize : Time (s): cpu = 00:00:02 ; elapsed = 00:00:03 . Memory (MB): peak = 1952.625 ; gain = 437.660 ; free physical = 29027 ; free virtual = 54668
---------------------------------------------------------------------------------
INFO: [Synth 8-6157] synthesizing module 'secure_serial_clean_top' [/home/ian/amdFPGA/projects/secure_mem_riscv_ian/rtl/top/secure_serial_clean_top.sv:7]
INFO: [Synth 8-6157] synthesizing module 'secure_memory_controller_serial_bmt' [/home/ian/amdFPGA/projects/secure_mem_riscv_ian/rtl/memory-controller/secure_memory_controller_serial_bmt.sv:10]
	Parameter PLEN bound to: 32'sb00000000000000000000000000111000 
	Parameter CACHELINE_BITS bound to: 32'sb00000000000000000000001000000000 
	Parameter VERSION_W bound to: 32'sb00000000000000000000000001000000 
	Parameter TAG_W bound to: 32'sb00000000000000000000000010000000 
	Parameter MARY bound to: 32'sb00000000000000000000000000001000 
INFO: [Synth 8-6157] synthesizing module 'securememory_topology_clean' [/home/ian/amdFPGA/projects/secure_mem_riscv_ian/rtl/topology/securememory_topology_clean.sv:9]
	Parameter PLEN bound to: 32'sb00000000000000000000000000111000 
	Parameter CACHELINE_BITS bound to: 32'sb00000000000000000000001000000000 
	Parameter MARY bound to: 32'sb00000000000000000000000000001000 
INFO: [Synth 8-6157] synthesizing module 'lzc' [/home/ian/amdFPGA/projects/secure_mem_riscv_ian/rtl/common/lzc.sv:25]
	Parameter WIDTH bound to: 32'b00000000000000000000000000111000 
	Parameter MODE bound to: 1'b0 
INFO: [Synth 8-6155] done synthesizing module 'lzc' (0#1) [/home/ian/amdFPGA/projects/secure_mem_riscv_ian/rtl/common/lzc.sv:25]
INFO: [Synth 8-6155] done synthesizing module 'securememory_topology_clean' (0#1) [/home/ian/amdFPGA/projects/secure_mem_riscv_ian/rtl/topology/securememory_topology_clean.sv:9]
INFO: [Synth 8-6157] synthesizing module 'metadata_controller_serial' [/home/ian/amdFPGA/projects/secure_mem_riscv_ian/rtl/metadata_cache/metadata_controller_serial.sv:9]
	Parameter PLEN bound to: 32'sb00000000000000000000000000111000 
	Parameter CACHELINE_BITS bound to: 32'sb00000000000000000000001000000000 
	Parameter VERSION_W bound to: 32'sb00000000000000000000000001000000 
	Parameter TAG_W bound to: 32'sb00000000000000000000000010000000 
INFO: [Synth 8-6157] synthesizing module 'metadata_cache' [/home/ian/amdFPGA/projects/secure_mem_riscv_ian/rtl/metadata_cache/metadata_cache.sv:3]
	Parameter ADDR_WIDTH bound to: 32'sb00000000000000000000000000111000 
	Parameter DATA_WIDTH bound to: 32'sb00000000000000000000001000000000 
	Parameter CACHE_LINES bound to: 32'sb00000000000000000000000000001000 
	Parameter NUM_WAYS bound to: 32'sb00000000000000000000000000000010 
INFO: [Synth 8-6155] done synthesizing module 'metadata_cache' (0#1) [/home/ian/amdFPGA/projects/secure_mem_riscv_ian/rtl/metadata_cache/metadata_cache.sv:3]
INFO: [Synth 8-6157] synthesizing module 'metadata_counter_allocator' [/home/ian/amdFPGA/projects/secure_mem_riscv_ian/rtl/metadata_cache/metadata_counter_allocator.sv:14]
	Parameter CACHELINE_BITS bound to: 32'sb00000000000000000000001000000000 
	Parameter VERSION_W bound to: 32'sb00000000000000000000000001000000 
INFO: [Synth 8-6155] done synthesizing module 'metadata_counter_allocator' (0#1) [/home/ian/amdFPGA/projects/secure_mem_riscv_ian/rtl/metadata_cache/metadata_counter_allocator.sv:14]
INFO: [Synth 8-294] found qualifier unique on case statement: implementing as parallel_case [/home/ian/amdFPGA/projects/secure_mem_riscv_ian/rtl/metadata_cache/metadata_controller_serial.sv:196]
INFO: [Synth 8-6155] done synthesizing module 'metadata_controller_serial' (0#1) [/home/ian/amdFPGA/projects/secure_mem_riscv_ian/rtl/metadata_cache/metadata_controller_serial.sv:9]
INFO: [Synth 8-6157] synthesizing module 'integritychecker_bmt' [/home/ian/amdFPGA/projects/secure_mem_riscv_ian/rtl/integritychecker/integritychecker_bmt.sv:15]
	Parameter PLEN bound to: 32'sb00000000000000000000000000111000 
	Parameter CACHELINE_BITS bound to: 32'sb00000000000000000000001000000000 
	Parameter VERSION_W bound to: 32'sb00000000000000000000000001000000 
	Parameter TAG_W bound to: 32'sb00000000000000000000000010000000 
	Parameter MARY bound to: 32'sb00000000000000000000000000001000 
	Parameter HASH_KEY bound to: 256'b0110000000111101111010110001000000010101110010100111000110111110001010110111001110101110111100001000010101111101011101111000000100011111001101010010110000000111001110110110000100001000110101110010110110011000000100001010001100001001000101001101111111110100 
	Parameter HASH_KEYLEN bound to: 1'b1 
INFO: [Synth 8-6157] synthesizing module 'bmt_hash_compare' [/home/ian/amdFPGA/projects/secure_mem_riscv_ian/rtl/integritychecker/bmt_hash_compare.sv:12]
	Parameter ADDR_W bound to: 32'sb00000000000000000000000000111000 
	Parameter DATA_W bound to: 32'sb00000000000000000000001000000000 
	Parameter VERSION_W bound to: 32'sb00000000000000000000000001000000 
	Parameter TAG_W bound to: 32'sb00000000000000000000000010000000 
	Parameter HASH_KEY bound to: 256'b0110000000111101111010110001000000010101110010100111000110111110001010110111001110101110111100001000010101111101011101111000000100011111001101010010110000000111001110110110000100001000110101110010110110011000000100001010001100001001000101001101111111110100 
	Parameter HASH_KEYLEN bound to: 1'b1 
INFO: [Synth 8-6157] synthesizing module 'aes_core' [/home/ian/amdFPGA/projects/secure_mem_riscv_ian/rtl/aes/aes_core.v:42]
INFO: [Synth 8-6157] synthesizing module 'aes_encipher_block' [/home/ian/amdFPGA/projects/secure_mem_riscv_ian/rtl/aes/aes_encipher_block.v:43]
INFO: [Synth 8-226] default block is never used [/home/ian/amdFPGA/projects/secure_mem_riscv_ian/rtl/aes/aes_encipher_block.v:423]
INFO: [Synth 8-6155] done synthesizing module 'aes_encipher_block' (0#1) [/home/ian/amdFPGA/projects/secure_mem_riscv_ian/rtl/aes/aes_encipher_block.v:43]
INFO: [Synth 8-6157] synthesizing module 'aes_decipher_block' [/home/ian/amdFPGA/projects/secure_mem_riscv_ian/rtl/aes/aes_decipher_block.v:43]
INFO: [Synth 8-6157] synthesizing module 'aes_inv_sbox' [/home/ian/amdFPGA/projects/secure_mem_riscv_ian/rtl/aes/aes_inv_sbox.v:40]
INFO: [Synth 8-6155] done synthesizing module 'aes_inv_sbox' (0#1) [/home/ian/amdFPGA/projects/secure_mem_riscv_ian/rtl/aes/aes_inv_sbox.v:40]
INFO: [Synth 8-226] default block is never used [/home/ian/amdFPGA/projects/secure_mem_riscv_ian/rtl/aes/aes_decipher_block.v:463]
INFO: [Synth 8-6155] done synthesizing module 'aes_decipher_block' (0#1) [/home/ian/amdFPGA/projects/secure_mem_riscv_ian/rtl/aes/aes_decipher_block.v:43]
INFO: [Synth 8-6157] synthesizing module 'aes_key_mem' [/home/ian/amdFPGA/projects/secure_mem_riscv_ian/rtl/aes/aes_key_mem.v:41]
INFO: [Synth 8-226] default block is never used [/home/ian/amdFPGA/projects/secure_mem_riscv_ian/rtl/aes/aes_key_mem.v:236]
INFO: [Synth 8-6155] done synthesizing module 'aes_key_mem' (0#1) [/home/ian/amdFPGA/projects/secure_mem_riscv_ian/rtl/aes/aes_key_mem.v:41]
INFO: [Synth 8-6157] synthesizing module 'aes_sbox' [/home/ian/amdFPGA/projects/secure_mem_riscv_ian/rtl/aes/aes_sbox.v:42]
INFO: [Synth 8-6155] done synthesizing module 'aes_sbox' (0#1) [/home/ian/amdFPGA/projects/secure_mem_riscv_ian/rtl/aes/aes_sbox.v:42]
INFO: [Synth 8-6155] done synthesizing module 'aes_core' (0#1) [/home/ian/amdFPGA/projects/secure_mem_riscv_ian/rtl/aes/aes_core.v:42]
INFO: [Synth 8-294] found qualifier unique on case statement: implementing as parallel_case [/home/ian/amdFPGA/projects/secure_mem_riscv_ian/rtl/integritychecker/bmt_hash_compare.sv:137]
INFO: [Synth 8-6155] done synthesizing module 'bmt_hash_compare' (0#1) [/home/ian/amdFPGA/projects/secure_mem_riscv_ian/rtl/integritychecker/bmt_hash_compare.sv:12]
INFO: [Synth 8-294] found qualifier unique on case statement: implementing as parallel_case [/home/ian/amdFPGA/projects/secure_mem_riscv_ian/rtl/integritychecker/integritychecker_bmt.sv:191]
INFO: [Synth 8-6155] done synthesizing module 'integritychecker_bmt' (0#1) [/home/ian/amdFPGA/projects/secure_mem_riscv_ian/rtl/integritychecker/integritychecker_bmt.sv:15]
INFO: [Synth 8-6157] synthesizing module 'meu_ctr_datapath' [/home/ian/amdFPGA/projects/secure_mem_riscv_ian/rtl/memory-encryption-unit/meu_ctr_datapath.sv:5]
	Parameter ADDR_W bound to: 32'sb00000000000000000000000000111000 
	Parameter DATA_W bound to: 32'sb00000000000000000000001000000000 
	Parameter VERSION_W bound to: 32'sb00000000000000000000000001000000 
	Parameter AES_KEY bound to: 256'b0010101101111110000101010001011000101000101011101101001010100110101010111111011100010101100010000000100111001111010011110011110000000000000000000000000000000000000000000000000000000000000000000000000000000000000000000000000000000000000000000000000000000000 
	Parameter AES_KEYLEN bound to: 1'b0 
INFO: [Synth 8-6157] synthesizing module 'aes_ctr_nx128' [/home/ian/amdFPGA/projects/secure_mem_riscv_ian/rtl/memory-encryption-unit/aes_ctr_nx128.sv:9]
	Parameter DATA_WIDTH bound to: 32'sb00000000000000000000001000000000 
	Parameter CHUNK_WIDTH bound to: 32'sb00000000000000000000000010000000 
	Parameter AES_KEY bound to: 256'b0010101101111110000101010001011000101000101011101101001010100110101010111111011100010101100010000000100111001111010011110011110000000000000000000000000000000000000000000000000000000000000000000000000000000000000000000000000000000000000000000000000000000000 
	Parameter AES_KEYLEN bound to: 1'b0 
INFO: [Synth 8-294] found qualifier unique on case statement: implementing as parallel_case [/home/ian/amdFPGA/projects/secure_mem_riscv_ian/rtl/memory-encryption-unit/aes_ctr_nx128.sv:74]
INFO: [Synth 8-226] default block is never used [/home/ian/amdFPGA/projects/secure_mem_riscv_ian/rtl/memory-encryption-unit/aes_ctr_nx128.sv:74]
INFO: [Synth 8-6155] done synthesizing module 'aes_ctr_nx128' (0#1) [/home/ian/amdFPGA/projects/secure_mem_riscv_ian/rtl/memory-encryption-unit/aes_ctr_nx128.sv:9]
INFO: [Synth 8-6155] done synthesizing module 'meu_ctr_datapath' (0#1) [/home/ian/amdFPGA/projects/secure_mem_riscv_ian/rtl/memory-encryption-unit/meu_ctr_datapath.sv:5]
INFO: [Synth 8-294] found qualifier unique on case statement: implementing as parallel_case [/home/ian/amdFPGA/projects/secure_mem_riscv_ian/rtl/memory-controller/secure_memory_controller_serial_bmt.sv:317]
INFO: [Synth 8-6155] done synthesizing module 'secure_memory_controller_serial_bmt' (0#1) [/home/ian/amdFPGA/projects/secure_mem_riscv_ian/rtl/memory-controller/secure_memory_controller_serial_bmt.sv:10]
INFO: [Synth 8-6155] done synthesizing module 'secure_serial_clean_top' (0#1) [/home/ian/amdFPGA/projects/secure_mem_riscv_ian/rtl/top/secure_serial_clean_top.sv:7]
WARNING: [Synth 8-6014] Unused sequential element fill_way_reg was removed.  [/home/ian/amdFPGA/projects/secure_mem_riscv_ian/rtl/metadata_cache/metadata_cache.sv:98]
WARNING: [Synth 8-6014] Unused sequential element found_hit_reg was removed.  [/home/ian/amdFPGA/projects/secure_mem_riscv_ian/rtl/metadata_cache/metadata_cache.sv:106]
WARNING: [Synth 8-6014] Unused sequential element tag_line_q_reg was removed.  [/home/ian/amdFPGA/projects/secure_mem_riscv_ian/rtl/integritychecker/integritychecker_bmt.sv:333]
WARNING: [Synth 8-7129] Port addr_i[55] in module meu_ctr_datapath is either unconnected or has no load
WARNING: [Synth 8-7129] Port addr_i[54] in module meu_ctr_datapath is either unconnected or has no load
WARNING: [Synth 8-7129] Port addr_i[53] in module meu_ctr_datapath is either unconnected or has no load
WARNING: [Synth 8-7129] Port addr_i[52] in module meu_ctr_datapath is either unconnected or has no load
WARNING: [Synth 8-7129] Port addr_i[51] in module meu_ctr_datapath is either unconnected or has no load
WARNING: [Synth 8-7129] Port addr_i[50] in module meu_ctr_datapath is either unconnected or has no load
WARNING: [Synth 8-7129] Port addr_i[49] in module meu_ctr_datapath is either unconnected or has no load
WARNING: [Synth 8-7129] Port addr_i[48] in module meu_ctr_datapath is either unconnected or has no load
WARNING: [Synth 8-7129] Port addr_i[47] in module meu_ctr_datapath is either unconnected or has no load
WARNING: [Synth 8-7129] Port addr_i[46] in module meu_ctr_datapath is either unconnected or has no load
WARNING: [Synth 8-7129] Port addr_i[45] in module meu_ctr_datapath is either unconnected or has no load
WARNING: [Synth 8-7129] Port addr_i[44] in module meu_ctr_datapath is either unconnected or has no load
WARNING: [Synth 8-7129] Port addr_i[43] in module meu_ctr_datapath is either unconnected or has no load
WARNING: [Synth 8-7129] Port addr_i[42] in module meu_ctr_datapath is either unconnected or has no load
---------------------------------------------------------------------------------
Finished Synthesize : Time (s): cpu = 00:00:04 ; elapsed = 00:00:04 . Memory (MB): peak = 2077.594 ; gain = 562.629 ; free physical = 28861 ; free virtual = 54505
---------------------------------------------------------------------------------
---------------------------------------------------------------------------------
Finished Constraint Validation : Time (s): cpu = 00:00:04 ; elapsed = 00:00:05 . Memory (MB): peak = 2089.469 ; gain = 574.504 ; free physical = 28833 ; free virtual = 54480
---------------------------------------------------------------------------------
---------------------------------------------------------------------------------
Start Loading Part and Timing Information
---------------------------------------------------------------------------------
Loading part: xc7z020clg400-1
INFO: [Device 21-403] Loading part xc7z020clg400-1
---------------------------------------------------------------------------------
Finished Loading Part and Timing Information : Time (s): cpu = 00:00:04 ; elapsed = 00:00:05 . Memory (MB): peak = 2097.473 ; gain = 582.508 ; free physical = 28833 ; free virtual = 54480
---------------------------------------------------------------------------------
---------------------------------------------------------------------------------
Start Preparing Guide Design
---------------------------------------------------------------------------------
---------------------------------------------------------------------------------
Finished Doing Graph Differ : Time (s): cpu = 00:00:05 ; elapsed = 00:00:05 . Memory (MB): peak = 2097.473 ; gain = 582.508 ; free physical = 28801 ; free virtual = 54452
---------------------------------------------------------------------------------
secure_memory_controller_serial_bmt__GC0meu_ctr_datapath__GC0aes_ctr_nx128__GC0integritychecker_bmt__GC0bmt_hash_compare__GC0aes_coremetadata_controller_serial__GC0metadata_cache__GB1metadata_cache__GB0---------------------------------------------------------------------------------
Finished Preparing Guide Design : Time (s): cpu = 00:00:06 ; elapsed = 00:00:05 . Memory (MB): peak = 2097.473 ; gain = 582.508 ; free physical = 28825 ; free virtual = 54477
---------------------------------------------------------------------------------
---------------------------------------------------------------------------------
Finished RTL Optimization Phase 2 : Time (s): cpu = 00:00:06 ; elapsed = 00:00:06 . Memory (MB): peak = 2097.473 ; gain = 582.508 ; free physical = 28824 ; free virtual = 54476
---------------------------------------------------------------------------------
---------------------------------------------------------------------------------
Start Mimic Skeleton from Reference
---------------------------------------------------------------------------------
---------------------------------------------------------------------------------
Finished Mimic Skeleton from Reference : Time (s): cpu = 00:00:07 ; elapsed = 00:00:06 . Memory (MB): peak = 2097.473 ; gain = 582.508 ; free physical = 28821 ; free virtual = 54474
---------------------------------------------------------------------------------


Incremental Synthesis Report Summary:

1. Incremental synthesis run: yes

   Stitch points used : changed


2. Change Summary

Report Incremental Modules: 
+-+----------------+------------+----------+----------+
| |Changed Modules |Replication |Instances |Changed % |
+-+----------------+------------+----------+----------+
+-+----------------+------------+----------+----------+


   Full Design Size (number of cells) : 193525
   Resynthesis Design Size (number of cells) : 0
   Resynth % : 0.0000,  Reuse % : 100.0000

3. Reference Checkpoint Information

+-----------------------------------------------------------------------------------------------------------------------------------------------------------------------------------------+
| DCP Location:  | /home/ian/amdFPGA/projects/secure_mem_riscv_ian/vivado_projects/fixed_encryption_clean/fixed_encryption_clean.srcs/utils_1/imports/synth_1/secure_serial_clean_top.dcp |
+-----------------------------------------------------------------------------------------------------------------------------------------------------------------------------------------+


+--------------------------------+------------------------------+
|         DCP Information        |             Value            |
+--------------------------------+------------------------------+
| Vivado Version                 |                    v2024.2 |
| DCP State                      |                              |
+--------------------------------+------------------------------+



Report RTL Partitions: 
+------+-------------------------------------------------+------------+----------+
|      |RTL Partition                                    |Replication |Instances |
+------+-------------------------------------------------+------------+----------+
|1     |metadata_cache__GB0_#REUSE#                      |           1|         0|
|2     |metadata_cache__GB1_#REUSE#                      |           1|         0|
|3     |metadata_controller_serial__GC0_#REUSE#          |           1|         0|
|4     |aes_core_#REUSE#                                 |           5|         0|
|5     |bmt_hash_compare__GC0_#REUSE#                    |           1|         0|
|6     |integritychecker_bmt__GC0_#REUSE#                |           1|         0|
|7     |aes_ctr_nx128__GC0_#REUSE#                       |           1|         0|
|8     |meu_ctr_datapath__GC0_#REUSE#                    |           1|         0|
|9     |secure_memory_controller_serial_bmt__GC0_#REUSE# |           1|         0|
+------+-------------------------------------------------+------------+----------+
No constraint files found.
---------------------------------------------------------------------------------
Start RTL Component Statistics 
---------------------------------------------------------------------------------
Detailed RTL Component Info : 
---------------------------------------------------------------------------------
Finished RTL Component Statistics 
---------------------------------------------------------------------------------
---------------------------------------------------------------------------------
Start Part Resource Summary
---------------------------------------------------------------------------------
Part Resources:
DSPs: 220 (col length:60)
BRAMs: 280 (col length: RAMB18 60 RAMB36 30)
---------------------------------------------------------------------------------
Finished Part Resource Summary
---------------------------------------------------------------------------------
No constraint files found.
---------------------------------------------------------------------------------
Start Cross Boundary and Area Optimization
---------------------------------------------------------------------------------
WARNING: [Synth 8-7080] Parallel synthesis criteria is not met
WARNING: [Synth 8-7077] IncrSyn: subsequent runs will still be incremental as the reference run was parallel and that data is reused
---------------------------------------------------------------------------------
Finished Cross Boundary and Area Optimization : Time (s): cpu = 00:00:08 ; elapsed = 00:00:07 . Memory (MB): peak = 2204.191 ; gain = 689.227 ; free physical = 28693 ; free virtual = 54375
---------------------------------------------------------------------------------
No constraint files found.
---------------------------------------------------------------------------------
Start Stitch Unchanged AreaOpt Partitions
---------------------------------------------------------------------------------
---------------------------------------------------------------------------------
Finished Stitch Unchanged AreaOpt Partitions : Time (s): cpu = 00:00:09 ; elapsed = 00:00:07 . Memory (MB): peak = 2248.004 ; gain = 733.039 ; free physical = 28653 ; free virtual = 54344
---------------------------------------------------------------------------------
---------------------------------------------------------------------------------
Start Timing Optimization
---------------------------------------------------------------------------------
---------------------------------------------------------------------------------
Finished Timing Optimization : Time (s): cpu = 00:00:09 ; elapsed = 00:00:08 . Memory (MB): peak = 2266.004 ; gain = 751.039 ; free physical = 28620 ; free virtual = 54337
---------------------------------------------------------------------------------
---------------------------------------------------------------------------------
Start Technology Mapping
---------------------------------------------------------------------------------
WARNING: [Synth 8-7080] Parallel synthesis criteria is not met
WARNING: [Synth 8-7077] IncrSyn: subsequent runs will still be incremental as the reference run was parallel and that data is reused
---------------------------------------------------------------------------------
Finished Technology Mapping : Time (s): cpu = 00:00:09 ; elapsed = 00:00:08 . Memory (MB): peak = 2277.152 ; gain = 762.188 ; free physical = 28601 ; free virtual = 54323
---------------------------------------------------------------------------------
---------------------------------------------------------------------------------
Start Stitch Unchanged Partitions
---------------------------------------------------------------------------------
---------------------------------------------------------------------------------
Finished Stitch Unchanged Partitions : Time (s): cpu = 00:00:09 ; elapsed = 00:00:08 . Memory (MB): peak = 2277.152 ; gain = 762.188 ; free physical = 28602 ; free virtual = 54325
---------------------------------------------------------------------------------
---------------------------------------------------------------------------------
Start IO Insertion
---------------------------------------------------------------------------------
---------------------------------------------------------------------------------
Start Flattening Before IO Insertion
---------------------------------------------------------------------------------
---------------------------------------------------------------------------------
Finished Flattening Before IO Insertion
---------------------------------------------------------------------------------
---------------------------------------------------------------------------------
Start Final Netlist Cleanup
---------------------------------------------------------------------------------
---------------------------------------------------------------------------------
Finished Final Netlist Cleanup
---------------------------------------------------------------------------------
---------------------------------------------------------------------------------
Finished IO Insertion : Time (s): cpu = 00:00:13 ; elapsed = 00:00:12 . Memory (MB): peak = 2435.285 ; gain = 920.320 ; free physical = 28334 ; free virtual = 54237
---------------------------------------------------------------------------------
---------------------------------------------------------------------------------
Start Renaming Generated Instances
---------------------------------------------------------------------------------
---------------------------------------------------------------------------------
Finished Renaming Generated Instances : Time (s): cpu = 00:00:14 ; elapsed = 00:00:12 . Memory (MB): peak = 2435.285 ; gain = 920.320 ; free physical = 28334 ; free virtual = 54238
---------------------------------------------------------------------------------
---------------------------------------------------------------------------------
Start Rebuilding User Hierarchy
---------------------------------------------------------------------------------
---------------------------------------------------------------------------------
Finished Rebuilding User Hierarchy : Time (s): cpu = 00:00:15 ; elapsed = 00:00:14 . Memory (MB): peak = 2442.566 ; gain = 927.602 ; free physical = 28154 ; free virtual = 54206
---------------------------------------------------------------------------------
---------------------------------------------------------------------------------
Start Renaming Generated Ports
---------------------------------------------------------------------------------
---------------------------------------------------------------------------------
Finished Renaming Generated Ports : Time (s): cpu = 00:00:15 ; elapsed = 00:00:14 . Memory (MB): peak = 2442.566 ; gain = 927.602 ; free physical = 28107 ; free virtual = 54197
---------------------------------------------------------------------------------
---------------------------------------------------------------------------------
Start Handling Custom Attributes
---------------------------------------------------------------------------------
---------------------------------------------------------------------------------
Finished Handling Custom Attributes : Time (s): cpu = 00:00:15 ; elapsed = 00:00:14 . Memory (MB): peak = 2442.566 ; gain = 927.602 ; free physical = 28067 ; free virtual = 54193
---------------------------------------------------------------------------------
---------------------------------------------------------------------------------
Start Renaming Generated Nets
---------------------------------------------------------------------------------
---------------------------------------------------------------------------------
Finished Renaming Generated Nets : Time (s): cpu = 00:00:15 ; elapsed = 00:00:14 . Memory (MB): peak = 2442.566 ; gain = 927.602 ; free physical = 28068 ; free virtual = 54196
---------------------------------------------------------------------------------
---------------------------------------------------------------------------------
Start Writing Synthesis Report
---------------------------------------------------------------------------------

Report BlackBoxes: 
+-+--------------+----------+
| |BlackBox name |Instances |
+-+--------------+----------+
+-+--------------+----------+

Report Cell Usage: 
+------+-------+------+
|      |Cell   |Count |
+------+-------+------+
|1     |BUFG   |     1|
|2     |CARRY4 |   126|
|3     |LUT1   |     6|
|4     |LUT2   |  3745|
|5     |LUT3   |  5626|
|6     |LUT4   |  3719|
|7     |LUT5   |  3686|
|8     |LUT6   | 12186|
|9     |MUXF7  |   904|
|10    |MUXF8  |   104|
|11    |FDCE   | 20464|
|12    |FDPE   |    46|
|13    |IBUF   |  1715|
|14    |OBUF   |  1655|
+------+-------+------+

Report Instance Areas: 
+------+----------------------------------------+------------------------------------+------+
|      |Instance                                |Module                              |Cells |
+------+----------------------------------------+------------------------------------+------+
|1     |top                                     |                                    | 53983|
|2     |  u_secure_memory_controller_serial_bmt |secure_memory_controller_serial_bmt | 50612|
|3     |    u_integritychecker                  |integritychecker_bmt                |  9308|
|4     |      u_hash_compare                    |bmt_hash_compare                    |  5177|
|5     |        u_aes_core                      |aes_core_12                         |  4768|
|6     |          enc_block                     |aes_encipher_block_13               |   585|
|7     |          keymem                        |aes_key_mem_14                      |  3266|
|8     |          sbox_inst                     |aes_sbox_15                         |    32|
|9     |    u_metadata_controller               |metadata_controller_serial          | 18968|
|10    |      u_cache                           |metadata_cache                      | 16016|
|11    |    u_meu_ctr                           |meu_ctr_datapath                    | 19446|
|12    |      u_ctr                             |aes_ctr_nx128                       | 17907|
|13    |        \gen_aes_core[0].u_aes_core     |aes_core                            |  4363|
|14    |          enc_block                     |aes_encipher_block_9                |   282|
|15    |          keymem                        |aes_key_mem_10                      |  2999|
|16    |          sbox_inst                     |aes_sbox_11                         |    84|
|17    |        \gen_aes_core[1].u_aes_core     |aes_core_0                          |  4359|
|18    |          enc_block                     |aes_encipher_block_6                |   278|
|19    |          keymem                        |aes_key_mem_7                       |  2999|
|20    |          sbox_inst                     |aes_sbox_8                          |    84|
|21    |        \gen_aes_core[2].u_aes_core     |aes_core_1                          |  4364|
|22    |          enc_block                     |aes_encipher_block_3                |   279|
|23    |          keymem                        |aes_key_mem_4                       |  3000|
|24    |          sbox_inst                     |aes_sbox_5                          |    84|
|25    |        \gen_aes_core[3].u_aes_core     |aes_core_2                          |  4359|
|26    |          enc_block                     |aes_encipher_block                  |   278|
|27    |          keymem                        |aes_key_mem                         |  2999|
|28    |          sbox_inst                     |aes_sbox                            |    84|
+------+----------------------------------------+------------------------------------+------+
---------------------------------------------------------------------------------
Finished Writing Synthesis Report : Time (s): cpu = 00:00:15 ; elapsed = 00:00:14 . Memory (MB): peak = 2442.566 ; gain = 927.602 ; free physical = 28062 ; free virtual = 54190
---------------------------------------------------------------------------------
Synthesis finished with 0 errors, 0 critical warnings and 21 warnings.
Synthesis Optimization Runtime : Time (s): cpu = 00:00:15 ; elapsed = 00:00:14 . Memory (MB): peak = 2442.566 ; gain = 927.602 ; free physical = 28054 ; free virtual = 54182
Synthesis Optimization Complete : Time (s): cpu = 00:00:15 ; elapsed = 00:00:14 . Memory (MB): peak = 2442.574 ; gain = 927.602 ; free physical = 28054 ; free virtual = 54182
INFO: [Project 1-571] Translating synthesized netlist
Netlist sorting complete. Time (s): cpu = 00:00:00.2 ; elapsed = 00:00:00.2 . Memory (MB): peak = 2484.293 ; gain = 0.000 ; free physical = 28250 ; free virtual = 54255
INFO: [Netlist 29-17] Analyzing 1134 Unisim elements for replacement
INFO: [Netlist 29-28] Unisim Transformation completed in 0 CPU seconds
INFO: [Project 1-570] Preparing netlist for logic optimization
INFO: [Opt 31-138] Pushed 0 inverter(s) to 0 load pin(s).
Netlist sorting complete. Time (s): cpu = 00:00:00 ; elapsed = 00:00:00 . Memory (MB): peak = 2610.668 ; gain = 0.000 ; free physical = 28097 ; free virtual = 54235
INFO: [Project 1-111] Unisim Transformation Summary:
No Unisim elements were transformed.

Synth Design complete | Checksum: 8ece5a24
INFO: [Common 17-83] Releasing license: Synthesis
57 Infos, 21 Warnings, 0 Critical Warnings and 0 Errors encountered.
synth_design completed successfully
synth_design: Time (s): cpu = 00:00:22 ; elapsed = 00:00:19 . Memory (MB): peak = 2610.668 ; gain = 1104.625 ; free physical = 28098 ; free virtual = 54236
INFO: [Common 17-2834] synth_design peak Physical Memory [PSS] (MB): overall = 1754.409; main = 1754.409; forked = 227.106
INFO: [Common 17-2834] synth_design peak Virtual Memory [VSS] (MB): overall = 3208.789; main = 2610.672; forked = 917.047
Write ShapeDB Complete: Time (s): cpu = 00:00:00.1 ; elapsed = 00:00:00.04 . Memory (MB): peak = 2634.680 ; gain = 0.000 ; free physical = 28094 ; free virtual = 54236
INFO: [Common 17-1381] The checkpoint '/home/ian/amdFPGA/projects/secure_mem_riscv_ian/vivado_projects/fixed_encryption_clean/fixed_encryption_clean.runs/synth_1/secure_serial_clean_top.dcp' has been generated.
INFO: [Vivado 12-24828] Executing command : report_utilization -file secure_serial_clean_top_utilization_synth.rpt -pb secure_serial_clean_top_utilization_synth.pb
INFO: [Common 17-206] Exiting Vivado at Mon Apr 27 16:17:51 2026...
[Mon Apr 27 16:18:01 2026] synth_1 finished
wait_on_runs: Time (s): cpu = 00:00:34 ; elapsed = 00:00:41 . Memory (MB): peak = 1507.078 ; gain = 0.000 ; free physical = 29910 ; free virtual = 55925
# set synth_status [get_property STATUS [get_runs synth_1]]
# puts "synth_1 status: $synth_status"
synth_1 status: synth_design Complete!
# if {[string match -nocase "*failed*" $synth_status]} {
#     puts "ERROR: synthesis failed."
#     exit 1
# }
# launch_runs impl_1 -to_step route_design -jobs 4
[Mon Apr 27 16:18:01 2026] Launched impl_1...
Run output will be captured here: /home/ian/amdFPGA/projects/secure_mem_riscv_ian/vivado_projects/fixed_encryption_clean/fixed_encryption_clean.runs/impl_1/runme.log
# wait_on_run impl_1
[Mon Apr 27 16:18:01 2026] Waiting for impl_1 to finish...

*** Running vivado
    with args -log secure_serial_clean_top.vdi -applog -m64 -product Vivado -messageDb vivado.pb -mode batch -source secure_serial_clean_top.tcl -notrace


****** Vivado v2024.2 (64-bit)
  **** SW Build 5239630 on Fri Nov 08 22:34:34 MST 2024
  **** IP Build 5239520 on Sun Nov 10 16:12:51 MST 2024
  **** SharedData Build 5239561 on Fri Nov 08 14:39:27 MST 2024
  **** Start of session at: Mon Apr 27 16:18:03 2026
    ** Copyright 1986-2022 Xilinx, Inc. All Rights Reserved.
    ** Copyright 2022-2024 Advanced Micro Devices, Inc. All Rights Reserved.

source secure_serial_clean_top.tcl -notrace
create_project: Time (s): cpu = 00:00:06 ; elapsed = 00:00:07 . Memory (MB): peak = 1500.109 ; gain = 25.840 ; free physical = 29506 ; free virtual = 55521
Command: link_design -top secure_serial_clean_top -part xc7z020clg400-1
Design is defaulting to srcset: sources_1
Design is defaulting to constrset: constrs_1
INFO: [Device 21-403] Loading part xc7z020clg400-1
Netlist sorting complete. Time (s): cpu = 00:00:00.09 ; elapsed = 00:00:00.1 . Memory (MB): peak = 1740.711 ; gain = 0.000 ; free physical = 29239 ; free virtual = 55254
INFO: [Netlist 29-17] Analyzing 1134 Unisim elements for replacement
INFO: [Netlist 29-28] Unisim Transformation completed in 0 CPU seconds
INFO: [Project 1-479] Netlist was created with Vivado 2024.2
INFO: [Project 1-570] Preparing netlist for logic optimization
Read ShapeDB Complete: Time (s): cpu = 00:00:00.02 ; elapsed = 00:00:00.02 . Memory (MB): peak = 1846.273 ; gain = 4.000 ; free physical = 29128 ; free virtual = 55143
Netlist sorting complete. Time (s): cpu = 00:00:00 ; elapsed = 00:00:00 . Memory (MB): peak = 1846.273 ; gain = 0.000 ; free physical = 29128 ; free virtual = 55143
INFO: [Project 1-111] Unisim Transformation Summary:
No Unisim elements were transformed.

6 Infos, 0 Warnings, 0 Critical Warnings and 0 Errors encountered.
link_design completed successfully
Command: opt_design
Attempting to get a license for feature 'Implementation' and/or device 'xc7z020'
INFO: [Common 17-349] Got license for feature 'Implementation' and/or device 'xc7z020'
Running DRC as a precondition to command opt_design

Starting DRC Task
INFO: [DRC 23-27] Running DRC with 8 threads
INFO: [Project 1-461] DRC finished with 0 Errors
INFO: [Project 1-462] Please refer to the DRC report (report_drc) for more information.

Time (s): cpu = 00:00:00.72 ; elapsed = 00:00:00.27 . Memory (MB): peak = 2082.078 ; gain = 207.992 ; free physical = 29044 ; free virtual = 55059

Starting Cache Timing Information Task
INFO: [Timing 38-35] Done setting XDC timing constraints.
Ending Cache Timing Information Task | Checksum: 184dc82bd

Time (s): cpu = 00:00:05 ; elapsed = 00:00:04 . Memory (MB): peak = 2486.031 ; gain = 403.953 ; free physical = 28631 ; free virtual = 54646

Starting Logic Optimization Task

Phase 1 Initialization

Phase 1.1 Core Generation And Design Setup
Phase 1.1 Core Generation And Design Setup | Checksum: 184dc82bd

Time (s): cpu = 00:00:00.01 ; elapsed = 00:00:00.01 . Memory (MB): peak = 2821.922 ; gain = 0.000 ; free physical = 28292 ; free virtual = 54307

Phase 1.2 Setup Constraints And Sort Netlist
Phase 1.2 Setup Constraints And Sort Netlist | Checksum: 184dc82bd

Time (s): cpu = 00:00:00.02 ; elapsed = 00:00:00.02 . Memory (MB): peak = 2821.922 ; gain = 0.000 ; free physical = 28292 ; free virtual = 54307
Phase 1 Initialization | Checksum: 184dc82bd

Time (s): cpu = 00:00:00.02 ; elapsed = 00:00:00.02 . Memory (MB): peak = 2821.922 ; gain = 0.000 ; free physical = 28292 ; free virtual = 54307

Phase 2 Timer Update And Timing Data Collection

Phase 2.1 Timer Update
Phase 2.1 Timer Update | Checksum: 184dc82bd

Time (s): cpu = 00:00:00.7 ; elapsed = 00:00:00.22 . Memory (MB): peak = 2821.922 ; gain = 0.000 ; free physical = 28292 ; free virtual = 54307

Phase 2.2 Timing Data Collection
Phase 2.2 Timing Data Collection | Checksum: 184dc82bd

Time (s): cpu = 00:00:00.72 ; elapsed = 00:00:00.24 . Memory (MB): peak = 2821.922 ; gain = 0.000 ; free physical = 28292 ; free virtual = 54307
Phase 2 Timer Update And Timing Data Collection | Checksum: 184dc82bd

Time (s): cpu = 00:00:00.72 ; elapsed = 00:00:00.24 . Memory (MB): peak = 2821.922 ; gain = 0.000 ; free physical = 28292 ; free virtual = 54307

Phase 3 Retarget
INFO: [Opt 31-1851] Number of loadless carry chains removed were: 0
INFO: [Opt 31-1834] Total Chains To Be Transformed Were: 0 AND Number of Transformed insts Created are: 0
INFO: [Opt 31-138] Pushed 0 inverter(s) to 0 load pin(s).
INFO: [Opt 31-49] Retargeted 0 cell(s).
Phase 3 Retarget | Checksum: 184dc82bd

Time (s): cpu = 00:00:01 ; elapsed = 00:00:00.52 . Memory (MB): peak = 2821.922 ; gain = 0.000 ; free physical = 28292 ; free virtual = 54307
Retarget | Checksum: 184dc82bd
INFO: [Opt 31-389] Phase Retarget created 0 cells and removed 0 cells

Phase 4 Constant propagation
INFO: [Opt 31-138] Pushed 0 inverter(s) to 0 load pin(s).
Phase 4 Constant propagation | Checksum: 1b612ceef

Time (s): cpu = 00:00:01 ; elapsed = 00:00:00.67 . Memory (MB): peak = 2821.922 ; gain = 0.000 ; free physical = 28292 ; free virtual = 54307
Constant propagation | Checksum: 1b612ceef
INFO: [Opt 31-389] Phase Constant propagation created 0 cells and removed 0 cells

Phase 5 Sweep
INFO: [Constraints 18-11670] Building netlist checker database with flags, 0x8
Done building netlist checker database: Time (s): cpu = 00:00:00 ; elapsed = 00:00:00 . Memory (MB): peak = 2821.922 ; gain = 0.000 ; free physical = 28292 ; free virtual = 54307
Phase 5 Sweep | Checksum: 138058972

Time (s): cpu = 00:00:01 ; elapsed = 00:00:00.88 . Memory (MB): peak = 2821.922 ; gain = 0.000 ; free physical = 28295 ; free virtual = 54311
Sweep | Checksum: 138058972
INFO: [Opt 31-389] Phase Sweep created 3 cells and removed 0 cells

Phase 6 BUFG optimization
Phase 6 BUFG optimization | Checksum: 138058972

Time (s): cpu = 00:00:02 ; elapsed = 00:00:00.99 . Memory (MB): peak = 2853.938 ; gain = 32.016 ; free physical = 28295 ; free virtual = 54310
BUFG optimization | Checksum: 138058972
INFO: [Opt 31-662] Phase BUFG optimization created 0 cells of which 0 are BUFGs and removed 0 cells.

Phase 7 Shift Register Optimization
INFO: [Opt 31-1064] SRL Remap converted 0 SRLs to 0 registers and converted 0 registers of register chains to 0 SRLs
Phase 7 Shift Register Optimization | Checksum: 138058972

Time (s): cpu = 00:00:02 ; elapsed = 00:00:01 . Memory (MB): peak = 2853.938 ; gain = 32.016 ; free physical = 28295 ; free virtual = 54310
Shift Register Optimization | Checksum: 138058972
INFO: [Opt 31-389] Phase Shift Register Optimization created 0 cells and removed 0 cells

Phase 8 Post Processing Netlist
Phase 8 Post Processing Netlist | Checksum: 18c8f192e

Time (s): cpu = 00:00:02 ; elapsed = 00:00:01 . Memory (MB): peak = 2853.938 ; gain = 32.016 ; free physical = 28295 ; free virtual = 54310
Post Processing Netlist | Checksum: 18c8f192e
INFO: [Opt 31-389] Phase Post Processing Netlist created 0 cells and removed 0 cells

Phase 9 Finalization

Phase 9.1 Finalizing Design Cores and Updating Shapes
Phase 9.1 Finalizing Design Cores and Updating Shapes | Checksum: 11ce81b4e

Time (s): cpu = 00:00:02 ; elapsed = 00:00:01 . Memory (MB): peak = 2853.938 ; gain = 32.016 ; free physical = 28295 ; free virtual = 54310

Phase 9.2 Verifying Netlist Connectivity

Starting Connectivity Check Task

Time (s): cpu = 00:00:00.04 ; elapsed = 00:00:00.03 . Memory (MB): peak = 2853.938 ; gain = 0.000 ; free physical = 28295 ; free virtual = 54310
Phase 9.2 Verifying Netlist Connectivity | Checksum: 11ce81b4e

Time (s): cpu = 00:00:02 ; elapsed = 00:00:01 . Memory (MB): peak = 2853.938 ; gain = 32.016 ; free physical = 28295 ; free virtual = 54310
Phase 9 Finalization | Checksum: 11ce81b4e

Time (s): cpu = 00:00:02 ; elapsed = 00:00:01 . Memory (MB): peak = 2853.938 ; gain = 32.016 ; free physical = 28295 ; free virtual = 54310
Opt_design Change Summary
=========================


-------------------------------------------------------------------------------------------------------------------------
|  Phase                        |  #Cells created  |  #Cells Removed  |  #Constrained objects preventing optimizations  |
-------------------------------------------------------------------------------------------------------------------------
|  Retarget                     |               0  |               0  |                                              0  |
|  Constant propagation         |               0  |               0  |                                              0  |
|  Sweep                        |               3  |               0  |                                              0  |
|  BUFG optimization            |               0  |               0  |                                              0  |
|  Shift Register Optimization  |               0  |               0  |                                              0  |
|  Post Processing Netlist      |               0  |               0  |                                              0  |
-------------------------------------------------------------------------------------------------------------------------


Ending Logic Optimization Task | Checksum: 11ce81b4e

Time (s): cpu = 00:00:02 ; elapsed = 00:00:01 . Memory (MB): peak = 2853.938 ; gain = 32.016 ; free physical = 28295 ; free virtual = 54310

Starting Power Optimization Task
INFO: [Pwropt 34-132] Skipping clock gating for clocks with a period < 2.00 ns.
Ending Power Optimization Task | Checksum: 11ce81b4e

Time (s): cpu = 00:00:00.01 ; elapsed = 00:00:00.02 . Memory (MB): peak = 2853.938 ; gain = 0.000 ; free physical = 28295 ; free virtual = 54310

Starting Final Cleanup Task
Ending Final Cleanup Task | Checksum: 11ce81b4e

Time (s): cpu = 00:00:00 ; elapsed = 00:00:00 . Memory (MB): peak = 2853.938 ; gain = 0.000 ; free physical = 28295 ; free virtual = 54310

Starting Netlist Obfuscation Task
Netlist sorting complete. Time (s): cpu = 00:00:00 ; elapsed = 00:00:00 . Memory (MB): peak = 2853.938 ; gain = 0.000 ; free physical = 28295 ; free virtual = 54310
Ending Netlist Obfuscation Task | Checksum: 11ce81b4e

Time (s): cpu = 00:00:00.01 ; elapsed = 00:00:00 . Memory (MB): peak = 2853.938 ; gain = 0.000 ; free physical = 28295 ; free virtual = 54310
INFO: [Common 17-83] Releasing license: Implementation
26 Infos, 0 Warnings, 0 Critical Warnings and 0 Errors encountered.
opt_design completed successfully
opt_design: Time (s): cpu = 00:00:09 ; elapsed = 00:00:07 . Memory (MB): peak = 2853.938 ; gain = 979.852 ; free physical = 28295 ; free virtual = 54310
INFO: [Vivado 12-24828] Executing command : report_drc -file secure_serial_clean_top_drc_opted.rpt -pb secure_serial_clean_top_drc_opted.pb -rpx secure_serial_clean_top_drc_opted.rpx
Command: report_drc -file secure_serial_clean_top_drc_opted.rpt -pb secure_serial_clean_top_drc_opted.pb -rpx secure_serial_clean_top_drc_opted.rpx
INFO: [IP_Flow 19-234] Refreshing IP repositories
INFO: [IP_Flow 19-1704] No user IP repositories specified
INFO: [IP_Flow 19-2313] Loaded Vivado IP repository '/tools/Xilinx/Vivado/2024.2/data/ip'.
INFO: [DRC 23-27] Running DRC with 8 threads
INFO: [Vivado_Tcl 2-168] The results of DRC are in file /home/ian/amdFPGA/projects/secure_mem_riscv_ian/vivado_projects/fixed_encryption_clean/fixed_encryption_clean.runs/impl_1/secure_serial_clean_top_drc_opted.rpt.
report_drc completed successfully
Write ShapeDB Complete: Time (s): cpu = 00:00:00.05 ; elapsed = 00:00:00.01 . Memory (MB): peak = 2853.938 ; gain = 0.000 ; free physical = 28270 ; free virtual = 54287
INFO: [Common 17-1381] The checkpoint '/home/ian/amdFPGA/projects/secure_mem_riscv_ian/vivado_projects/fixed_encryption_clean/fixed_encryption_clean.runs/impl_1/secure_serial_clean_top_opt.dcp' has been generated.
Command: place_design
Attempting to get a license for feature 'Implementation' and/or device 'xc7z020'
INFO: [Common 17-349] Got license for feature 'Implementation' and/or device 'xc7z020'
INFO: [Common 17-83] Releasing license: Implementation
INFO: [DRC 23-27] Running DRC with 8 threads
INFO: [Vivado_Tcl 4-198] DRC finished with 0 Errors
INFO: [Vivado_Tcl 4-199] Please refer to the DRC report (report_drc) for more information.
Running DRC as a precondition to command place_design
INFO: [DRC 23-27] Running DRC with 8 threads
INFO: [Vivado_Tcl 4-198] DRC finished with 0 Errors
INFO: [Vivado_Tcl 4-199] Please refer to the DRC report (report_drc) for more information.
INFO: [Place 30-611] Multithreading enabled for place_design using a maximum of 8 CPUs

Starting Placer Task

Phase 1 Placer Initialization

Phase 1.1 Placer Initialization Netlist Sorting
Netlist sorting complete. Time (s): cpu = 00:00:00 ; elapsed = 00:00:00 . Memory (MB): peak = 2904.145 ; gain = 0.000 ; free physical = 28202 ; free virtual = 54221
Phase 1.1 Placer Initialization Netlist Sorting | Checksum: 4a6ea02f

Time (s): cpu = 00:00:00.01 ; elapsed = 00:00:00 . Memory (MB): peak = 2904.145 ; gain = 0.000 ; free physical = 28202 ; free virtual = 54221
Netlist sorting complete. Time (s): cpu = 00:00:00 ; elapsed = 00:00:00 . Memory (MB): peak = 2904.145 ; gain = 0.000 ; free physical = 28202 ; free virtual = 54221

Phase 1.2 IO Placement/ Clock Placement/ Build Placer Device
ERROR: [Place 30-415] IO Placement failed due to overutilization. This design contains 3370 I/O ports
 while the target  device: 7z020 package: clg400, contains only 255 available user I/O. The target device has 255 usable I/O pins of which 0 are already occupied by user-locked I/Os.
 To rectify this issue:
 1. Ensure you are targeting the correct device and package.  Select a larger device or different package if necessary.
 2. Check the top-level ports of the design to ensure the correct number of ports are specified.
 3. Consider design changes to reduce the number of I/Os necessary.
INFO: [Timing 38-35] Done setting XDC timing constraints.
ERROR: [Place 30-68] Instance clk_i_IBUF_BUFG_inst (BUFG) is not placed
ERROR: [Place 30-68] Instance clk_i_IBUF_inst (IBUF) is not placed
ERROR: [Place 30-68] Instance data_mem_req_addr_o_OBUF[0]_inst (OBUF) is not placed
ERROR: [Place 30-68] Instance data_mem_req_addr_o_OBUF[10]_inst (OBUF) is not placed
ERROR: [Place 30-68] Instance data_mem_req_addr_o_OBUF[11]_inst (OBUF) is not placed
ERROR: [Place 30-68] Instance data_mem_req_addr_o_OBUF[12]_inst (OBUF) is not placed
ERROR: [Place 30-68] Instance data_mem_req_addr_o_OBUF[13]_inst (OBUF) is not placed
ERROR: [Place 30-68] Instance data_mem_req_addr_o_OBUF[14]_inst (OBUF) is not placed
ERROR: [Place 30-68] Instance data_mem_req_addr_o_OBUF[15]_inst (OBUF) is not placed
ERROR: [Place 30-68] Instance data_mem_req_addr_o_OBUF[16]_inst (OBUF) is not placed
ERROR: [Place 30-68] Instance data_mem_req_addr_o_OBUF[17]_inst (OBUF) is not placed
ERROR: [Place 30-68] Instance data_mem_req_addr_o_OBUF[18]_inst (OBUF) is not placed
ERROR: [Place 30-68] Instance data_mem_req_addr_o_OBUF[19]_inst (OBUF) is not placed
ERROR: [Place 30-68] Instance data_mem_req_addr_o_OBUF[1]_inst (OBUF) is not placed
ERROR: [Place 30-68] Instance data_mem_req_addr_o_OBUF[20]_inst (OBUF) is not placed
ERROR: [Place 30-68] Instance data_mem_req_addr_o_OBUF[21]_inst (OBUF) is not placed
ERROR: [Place 30-68] Instance data_mem_req_addr_o_OBUF[22]_inst (OBUF) is not placed
ERROR: [Place 30-68] Instance data_mem_req_addr_o_OBUF[23]_inst (OBUF) is not placed
ERROR: [Place 30-68] Instance data_mem_req_addr_o_OBUF[24]_inst (OBUF) is not placed
ERROR: [Place 30-68] Instance data_mem_req_addr_o_OBUF[25]_inst (OBUF) is not placed
ERROR: [Place 30-68] Instance data_mem_req_addr_o_OBUF[26]_inst (OBUF) is not placed
ERROR: [Place 30-68] Instance data_mem_req_addr_o_OBUF[27]_inst (OBUF) is not placed
ERROR: [Place 30-68] Instance data_mem_req_addr_o_OBUF[28]_inst (OBUF) is not placed
ERROR: [Place 30-68] Instance data_mem_req_addr_o_OBUF[29]_inst (OBUF) is not placed
ERROR: [Place 30-68] Instance data_mem_req_addr_o_OBUF[2]_inst (OBUF) is not placed
ERROR: [Place 30-68] Instance data_mem_req_addr_o_OBUF[30]_inst (OBUF) is not placed
ERROR: [Place 30-68] Instance data_mem_req_addr_o_OBUF[31]_inst (OBUF) is not placed
ERROR: [Place 30-68] Instance data_mem_req_addr_o_OBUF[32]_inst (OBUF) is not placed
ERROR: [Place 30-68] Instance data_mem_req_addr_o_OBUF[33]_inst (OBUF) is not placed
ERROR: [Place 30-68] Instance data_mem_req_addr_o_OBUF[34]_inst (OBUF) is not placed
ERROR: [Place 30-68] Instance data_mem_req_addr_o_OBUF[35]_inst (OBUF) is not placed
ERROR: [Place 30-68] Instance data_mem_req_addr_o_OBUF[36]_inst (OBUF) is not placed
ERROR: [Place 30-68] Instance data_mem_req_addr_o_OBUF[37]_inst (OBUF) is not placed
ERROR: [Place 30-68] Instance data_mem_req_addr_o_OBUF[38]_inst (OBUF) is not placed
ERROR: [Place 30-68] Instance data_mem_req_addr_o_OBUF[39]_inst (OBUF) is not placed
ERROR: [Place 30-68] Instance data_mem_req_addr_o_OBUF[3]_inst (OBUF) is not placed
ERROR: [Place 30-68] Instance data_mem_req_addr_o_OBUF[40]_inst (OBUF) is not placed
ERROR: [Place 30-68] Instance data_mem_req_addr_o_OBUF[41]_inst (OBUF) is not placed
ERROR: [Place 30-68] Instance data_mem_req_addr_o_OBUF[42]_inst (OBUF) is not placed
ERROR: [Place 30-68] Instance data_mem_req_addr_o_OBUF[43]_inst (OBUF) is not placed
ERROR: [Place 30-68] Instance data_mem_req_addr_o_OBUF[44]_inst (OBUF) is not placed
ERROR: [Place 30-68] Instance data_mem_req_addr_o_OBUF[45]_inst (OBUF) is not placed
ERROR: [Place 30-68] Instance data_mem_req_addr_o_OBUF[46]_inst (OBUF) is not placed
ERROR: [Place 30-68] Instance data_mem_req_addr_o_OBUF[47]_inst (OBUF) is not placed
ERROR: [Place 30-68] Instance data_mem_req_addr_o_OBUF[48]_inst (OBUF) is not placed
ERROR: [Place 30-68] Instance data_mem_req_addr_o_OBUF[49]_inst (OBUF) is not placed
ERROR: [Place 30-68] Instance data_mem_req_addr_o_OBUF[4]_inst (OBUF) is not placed
ERROR: [Place 30-68] Instance data_mem_req_addr_o_OBUF[50]_inst (OBUF) is not placed
ERROR: [Place 30-68] Instance data_mem_req_addr_o_OBUF[51]_inst (OBUF) is not placed
ERROR: [Place 30-68] Instance data_mem_req_addr_o_OBUF[52]_inst (OBUF) is not placed
ERROR: [Place 30-68] Instance data_mem_req_addr_o_OBUF[53]_inst (OBUF) is not placed
ERROR: [Place 30-68] Instance data_mem_req_addr_o_OBUF[54]_inst (OBUF) is not placed
ERROR: [Place 30-68] Instance data_mem_req_addr_o_OBUF[55]_inst (OBUF) is not placed
ERROR: [Place 30-68] Instance data_mem_req_addr_o_OBUF[5]_inst (OBUF) is not placed
ERROR: [Place 30-68] Instance data_mem_req_addr_o_OBUF[6]_inst (OBUF) is not placed
ERROR: [Place 30-68] Instance data_mem_req_addr_o_OBUF[7]_inst (OBUF) is not placed
ERROR: [Place 30-68] Instance data_mem_req_addr_o_OBUF[8]_inst (OBUF) is not placed
ERROR: [Place 30-68] Instance data_mem_req_addr_o_OBUF[9]_inst (OBUF) is not placed
ERROR: [Place 30-68] Instance data_mem_req_ready_i_IBUF_inst (IBUF) is not placed
ERROR: [Place 30-68] Instance data_mem_req_valid_o_OBUF_inst (OBUF) is not placed
ERROR: [Place 30-68] Instance data_mem_req_wdata_o_OBUF[0]_inst (OBUF) is not placed
ERROR: [Place 30-68] Instance data_mem_req_wdata_o_OBUF[100]_inst (OBUF) is not placed
ERROR: [Place 30-68] Instance data_mem_req_wdata_o_OBUF[101]_inst (OBUF) is not placed
ERROR: [Place 30-68] Instance data_mem_req_wdata_o_OBUF[102]_inst (OBUF) is not placed
ERROR: [Place 30-68] Instance data_mem_req_wdata_o_OBUF[103]_inst (OBUF) is not placed
ERROR: [Place 30-68] Instance data_mem_req_wdata_o_OBUF[104]_inst (OBUF) is not placed
ERROR: [Place 30-68] Instance data_mem_req_wdata_o_OBUF[105]_inst (OBUF) is not placed
ERROR: [Place 30-68] Instance data_mem_req_wdata_o_OBUF[106]_inst (OBUF) is not placed
ERROR: [Place 30-68] Instance data_mem_req_wdata_o_OBUF[107]_inst (OBUF) is not placed
ERROR: [Place 30-68] Instance data_mem_req_wdata_o_OBUF[108]_inst (OBUF) is not placed
ERROR: [Place 30-68] Instance data_mem_req_wdata_o_OBUF[109]_inst (OBUF) is not placed
ERROR: [Place 30-68] Instance data_mem_req_wdata_o_OBUF[10]_inst (OBUF) is not placed
ERROR: [Place 30-68] Instance data_mem_req_wdata_o_OBUF[110]_inst (OBUF) is not placed
ERROR: [Place 30-68] Instance data_mem_req_wdata_o_OBUF[111]_inst (OBUF) is not placed
ERROR: [Place 30-68] Instance data_mem_req_wdata_o_OBUF[112]_inst (OBUF) is not placed
ERROR: [Place 30-68] Instance data_mem_req_wdata_o_OBUF[113]_inst (OBUF) is not placed
ERROR: [Place 30-68] Instance data_mem_req_wdata_o_OBUF[114]_inst (OBUF) is not placed
ERROR: [Place 30-68] Instance data_mem_req_wdata_o_OBUF[115]_inst (OBUF) is not placed
ERROR: [Place 30-68] Instance data_mem_req_wdata_o_OBUF[116]_inst (OBUF) is not placed
ERROR: [Place 30-68] Instance data_mem_req_wdata_o_OBUF[117]_inst (OBUF) is not placed
ERROR: [Place 30-68] Instance data_mem_req_wdata_o_OBUF[118]_inst (OBUF) is not placed
ERROR: [Place 30-68] Instance data_mem_req_wdata_o_OBUF[119]_inst (OBUF) is not placed
ERROR: [Place 30-68] Instance data_mem_req_wdata_o_OBUF[11]_inst (OBUF) is not placed
ERROR: [Place 30-68] Instance data_mem_req_wdata_o_OBUF[120]_inst (OBUF) is not placed
ERROR: [Place 30-68] Instance data_mem_req_wdata_o_OBUF[121]_inst (OBUF) is not placed
ERROR: [Place 30-68] Instance data_mem_req_wdata_o_OBUF[122]_inst (OBUF) is not placed
ERROR: [Place 30-68] Instance data_mem_req_wdata_o_OBUF[123]_inst (OBUF) is not placed
ERROR: [Place 30-68] Instance data_mem_req_wdata_o_OBUF[124]_inst (OBUF) is not placed
ERROR: [Place 30-68] Instance data_mem_req_wdata_o_OBUF[125]_inst (OBUF) is not placed
ERROR: [Place 30-68] Instance data_mem_req_wdata_o_OBUF[126]_inst (OBUF) is not placed
ERROR: [Place 30-68] Instance data_mem_req_wdata_o_OBUF[127]_inst (OBUF) is not placed
ERROR: [Place 30-68] Instance data_mem_req_wdata_o_OBUF[128]_inst (OBUF) is not placed
ERROR: [Place 30-68] Instance data_mem_req_wdata_o_OBUF[129]_inst (OBUF) is not placed
ERROR: [Place 30-68] Instance data_mem_req_wdata_o_OBUF[12]_inst (OBUF) is not placed
ERROR: [Place 30-68] Instance data_mem_req_wdata_o_OBUF[130]_inst (OBUF) is not placed
ERROR: [Place 30-68] Instance data_mem_req_wdata_o_OBUF[131]_inst (OBUF) is not placed
ERROR: [Place 30-68] Instance data_mem_req_wdata_o_OBUF[132]_inst (OBUF) is not placed
ERROR: [Place 30-68] Instance data_mem_req_wdata_o_OBUF[133]_inst (OBUF) is not placed
ERROR: [Place 30-68] Instance data_mem_req_wdata_o_OBUF[134]_inst (OBUF) is not placed
ERROR: [Place 30-68] Instance data_mem_req_wdata_o_OBUF[135]_inst (OBUF) is not placed
INFO: [Common 17-14] Message 'Place 30-68' appears 100 times and further instances of the messages will be disabled. Use the Tcl command set_msg_config to change the current settings.
Phase 1.2 IO Placement/ Clock Placement/ Build Placer Device | Checksum: e1be147b

Time (s): cpu = 00:00:03 ; elapsed = 00:00:01 . Memory (MB): peak = 2936.160 ; gain = 32.016 ; free physical = 28196 ; free virtual = 54215
Phase 1 Placer Initialization | Checksum: e1be147b

Time (s): cpu = 00:00:03 ; elapsed = 00:00:01 . Memory (MB): peak = 2936.160 ; gain = 32.016 ; free physical = 28196 ; free virtual = 54215
ERROR: [Place 30-99] Placer failed with error: 'IO Clock Placer failed'
Please review all ERROR, CRITICAL WARNING, and WARNING messages during placement to understand the cause for failure.
Ending Placer Task | Checksum: e1be147b

Time (s): cpu = 00:00:03 ; elapsed = 00:00:01 . Memory (MB): peak = 2936.160 ; gain = 32.016 ; free physical = 28196 ; free virtual = 54215
44 Infos, 0 Warnings, 0 Critical Warnings and 103 Errors encountered.
place_design failed
ERROR: [Common 17-69] Command failed: Placer could not place all instances
INFO: [Common 17-206] Exiting Vivado at Mon Apr 27 16:18:28 2026...
[Mon Apr 27 16:18:38 2026] impl_1 finished
ERROR: [Vivado 12-13638] Failed runs(s) : 'impl_1'
wait_on_runs: Time (s): cpu = 00:00:00.81 ; elapsed = 00:00:37 . Memory (MB): peak = 1507.078 ; gain = 0.000 ; free physical = 29867 ; free virtual = 55886
ERROR: [Common 17-39] 'wait_on_runs' failed due to earlier errors.

    while executing
"wait_on_run impl_1"
    (file "scripts/run_impl_secure_serial_pynq.tcl" line 44)
INFO: [Common 17-206] Exiting Vivado at Mon Apr 27 16:18:38 2026...
