Copyright 1986-2022 Xilinx, Inc. All Rights Reserved. Copyright 2022-2024 Advanced Micro Devices, Inc. All Rights Reserved.
----------------------------------------------------------------------------------------------------------------------------------------------------------------------------------
| Tool Version : Vivado v.2024.2 (lin64) Build 5239630 Fri Nov 08 22:34:34 MST 2024
| Date         : Mon Apr 27 14:26:32 2026
| Host         : lhotse running 64-bit Ubuntu 24.04.3 LTS
| Command      : report_utilization -file /home/ian/amdFPGA/projects/secure_mem_riscv_ian/vivado_projects/fixed_encryption_clean/reports/post_synth_utilization.rpt -hierarchical
| Design       : secure_serial_clean_top
| Device       : xc7z020clg400-1
| Speed File   : -1
| Design State : Synthesized
----------------------------------------------------------------------------------------------------------------------------------------------------------------------------------

Utilization Design Information

Table of Contents
-----------------
1. Utilization by Hierarchy

1. Utilization by Hierarchy
---------------------------

+---------------------------------------------+-------------------------------------+------------+------------+---------+------+-------+--------+--------+------------+
|                   Instance                  |                Module               | Total LUTs | Logic LUTs | LUTRAMs | SRLs |  FFs  | RAMB36 | RAMB18 | DSP Blocks |
+---------------------------------------------+-------------------------------------+------------+------------+---------+------+-------+--------+--------+------------+
| secure_serial_clean_top                     |                               (top) |      28911 |      28911 |       0 |    0 | 20510 |      0 |      0 |          0 |
|   (secure_serial_clean_top)                 |                               (top) |          0 |          0 |       0 |    0 |     0 |      0 |      0 |          0 |
|   u_secure_memory_controller_serial_bmt     | secure_memory_controller_serial_bmt |      28911 |      28911 |       0 |    0 | 20510 |      0 |      0 |          0 |
|     (u_secure_memory_controller_serial_bmt) | secure_memory_controller_serial_bmt |       1601 |       1601 |       0 |    0 |  1289 |      0 |      0 |          0 |
|     u_integritychecker                      |                integritychecker_bmt |       5074 |       5074 |       0 |    0 |  4063 |      0 |      0 |          0 |
|       (u_integritychecker)                  |                integritychecker_bmt |       2544 |       2544 |       0 |    0 |  1451 |      0 |      0 |          0 |
|       u_hash_compare                        |                    bmt_hash_compare |       2530 |       2530 |       0 |    0 |  2612 |      0 |      0 |          0 |
|         (u_hash_compare)                    |                    bmt_hash_compare |        143 |        143 |       0 |    0 |   266 |      0 |      0 |          0 |
|         u_aes_core                          |                         aes_core_12 |       2387 |       2387 |       0 |    0 |  2346 |      0 |      0 |          0 |
|           (u_aes_core)                      |                         aes_core_12 |        880 |        880 |       0 |    0 |     5 |      0 |      0 |          0 |
|           enc_block                         |               aes_encipher_block_13 |        430 |        430 |       0 |    0 |   144 |      0 |      0 |          0 |
|           keymem                            |                      aes_key_mem_14 |       1045 |       1045 |       0 |    0 |  2197 |      0 |      0 |          0 |
|           sbox_inst                         |                         aes_sbox_15 |         32 |         32 |       0 |    0 |     0 |      0 |      0 |          0 |
|     u_metadata_controller                   |          metadata_controller_serial |      13621 |      13621 |       0 |    0 |  5311 |      0 |      0 |          0 |
|       (u_metadata_controller)               |          metadata_controller_serial |       2165 |       2165 |       0 |    0 |   771 |      0 |      0 |          0 |
|       u_cache                               |                      metadata_cache |      11456 |      11456 |       0 |    0 |  4540 |      0 |      0 |          0 |
|     u_meu_ctr                               |                    meu_ctr_datapath |       8615 |       8615 |       0 |    0 |  9847 |      0 |      0 |          0 |
|       (u_meu_ctr)                           |                    meu_ctr_datapath |       1026 |       1026 |       0 |    0 |   513 |      0 |      0 |          0 |
|       u_ctr                                 |                       aes_ctr_nx128 |       7589 |       7589 |       0 |    0 |  9334 |      0 |      0 |          0 |
|         (u_ctr)                             |                       aes_ctr_nx128 |          2 |          2 |       0 |    0 |   460 |      0 |      0 |          0 |
|         gen_aes_core[0].u_aes_core          |                            aes_core |       1898 |       1898 |       0 |    0 |  2219 |      0 |      0 |          0 |
|           (gen_aes_core[0].u_aes_core)      |                            aes_core |        889 |        889 |       0 |    0 |     5 |      0 |      0 |          0 |
|           enc_block                         |                aes_encipher_block_9 |        133 |        133 |       0 |    0 |   149 |      0 |      0 |          0 |
|           keymem                            |                      aes_key_mem_10 |        870 |        870 |       0 |    0 |  2065 |      0 |      0 |          0 |
|           sbox_inst                         |                         aes_sbox_11 |          6 |          6 |       0 |    0 |     0 |      0 |      0 |          0 |
|         gen_aes_core[1].u_aes_core          |                          aes_core_0 |       1895 |       1895 |       0 |    0 |  2218 |      0 |      0 |          0 |
|           (gen_aes_core[1].u_aes_core)      |                          aes_core_0 |        889 |        889 |       0 |    0 |     5 |      0 |      0 |          0 |
|           enc_block                         |                aes_encipher_block_6 |        130 |        130 |       0 |    0 |   148 |      0 |      0 |          0 |
|           keymem                            |                       aes_key_mem_7 |        870 |        870 |       0 |    0 |  2065 |      0 |      0 |          0 |
|           sbox_inst                         |                          aes_sbox_8 |          6 |          6 |       0 |    0 |     0 |      0 |      0 |          0 |
|         gen_aes_core[2].u_aes_core          |                          aes_core_1 |       1899 |       1899 |       0 |    0 |  2219 |      0 |      0 |          0 |
|           (gen_aes_core[2].u_aes_core)      |                          aes_core_1 |        892 |        892 |       0 |    0 |     5 |      0 |      0 |          0 |
|           enc_block                         |                aes_encipher_block_3 |        130 |        130 |       0 |    0 |   149 |      0 |      0 |          0 |
|           keymem                            |                       aes_key_mem_4 |        871 |        871 |       0 |    0 |  2065 |      0 |      0 |          0 |
|           sbox_inst                         |                          aes_sbox_5 |          6 |          6 |       0 |    0 |     0 |      0 |      0 |          0 |
|         gen_aes_core[3].u_aes_core          |                          aes_core_2 |       1895 |       1895 |       0 |    0 |  2218 |      0 |      0 |          0 |
|           (gen_aes_core[3].u_aes_core)      |                          aes_core_2 |        889 |        889 |       0 |    0 |     5 |      0 |      0 |          0 |
|           enc_block                         |                  aes_encipher_block |        130 |        130 |       0 |    0 |   148 |      0 |      0 |          0 |
|           keymem                            |                         aes_key_mem |        870 |        870 |       0 |    0 |  2065 |      0 |      0 |          0 |
|           sbox_inst                         |                            aes_sbox |          6 |          6 |       0 |    0 |     0 |      0 |      0 |          0 |
+---------------------------------------------+-------------------------------------+------------+------------+---------+------+-------+--------+--------+------------+


