
*** Running vivado
    with args -log secure_serial_clean_top.vds -m64 -product Vivado -mode batch -messageDb vivado.pb -notrace -source secure_serial_clean_top.tcl


****** Vivado v2024.2 (64-bit)
  **** SW Build 5239630 on Fri Nov 08 22:34:34 MST 2024
  **** IP Build 5239520 on Sun Nov 10 16:12:51 MST 2024
  **** SharedData Build 5239561 on Fri Nov 08 14:39:27 MST 2024
  **** Start of session at: Mon Apr 27 16:17:23 2026
    ** Copyright 1986-2022 Xilinx, Inc. All Rights Reserved.
    ** Copyright 2022-2024 Advanced Micro Devices, Inc. All Rights Reserved.

source secure_serial_clean_top.tcl -notrace
Command: read_checkpoint -auto_incremental -incremental /home/ian/amdFPGA/projects/secure_mem_riscv_ian/vivado_projects/fixed_encryption_clean/fixed_encryption_clean.srcs/utils_1/imports/synth_1/secure_serial_clean_top.dcp
INFO: [Vivado 12-5825] Read reference checkpoint from /home/ian/amdFPGA/projects/secure_mem_riscv_ian/vivado_projects/fixed_encryption_clean/fixed_encryption_clean.srcs/utils_1/imports/synth_1/secure_serial_clean_top.dcp for incremental synthesis
INFO: [Vivado 12-7989] Please ensure there are no constraint changes
Command: synth_design -top secure_serial_clean_top -part xc7z020clg400-1 -directive PerformanceOptimized -fsm_extraction one_hot -keep_equivalent_registers -resource_sharing off -no_lc -shreg_min_size 5
Starting synth_design
Attempting to get a license for feature 'Synthesis' and/or device 'xc7z020'
INFO: [Common 17-349] Got license for feature 'Synthesis' and/or device 'xc7z020'
INFO: [Synth 8-7079] Multithreading enabled for synth_design using a maximum of 7 processes.
INFO: [Synth 8-7078] Launching helper process for spawning children vivado processes
INFO: [Synth 8-7075] Helper process launched with PID 219674
---------------------------------------------------------------------------------
Starting Synthesize : Time (s): cpu = 00:00:02 ; elapsed = 00:00:03 . Memory (MB): peak = 1952.625 ; gain = 437.660 ; free physical = 29027 ; free virtual = 54668
---------------------------------------------------------------------------------
INFO: [Synth 8-6157] synthesizing module 'secure_serial_clean_top' [/home/ian/amdFPGA/projects/secure_mem_riscv_ian/rtl/top/secure_serial_clean_top.sv:7]
INFO: [Synth 8-6157] synthesizing module 'secure_memory_controller_serial_bmt' [/home/ian/amdFPGA/projects/secure_mem_riscv_ian/rtl/memory-controller/secure_memory_controller_serial_bmt.sv:10]
	Parameter PLEN bound to: 32'sb00000000000000000000000000111000 
	Parameter CACHELINE_BITS bound to: 32'sb00000000000000000000001000000000 
	Parameter VERSION_W bound to: 32'sb00000000000000000000000001000000 
	Parameter TAG_W bound to: 32'sb00000000000000000000000010000000 
	Parameter MARY bound to: 32'sb00000000000000000000000000001000 
INFO: [Synth 8-6157] synthesizing module 'securememory_topology_clean' [/home/ian/amdFPGA/projects/secure_mem_riscv_ian/rtl/topology/securememory_topology_clean.sv:9]
	Parameter PLEN bound to: 32'sb00000000000000000000000000111000 
	Parameter CACHELINE_BITS bound to: 32'sb00000000000000000000001000000000 
	Parameter MARY bound to: 32'sb00000000000000000000000000001000 
INFO: [Synth 8-6157] synthesizing module 'lzc' [/home/ian/amdFPGA/projects/secure_mem_riscv_ian/rtl/common/lzc.sv:25]
	Parameter WIDTH bound to: 32'b00000000000000000000000000111000 
	Parameter MODE bound to: 1'b0 
INFO: [Synth 8-6155] done synthesizing module 'lzc' (0#1) [/home/ian/amdFPGA/projects/secure_mem_riscv_ian/rtl/common/lzc.sv:25]
INFO: [Synth 8-6155] done synthesizing module 'securememory_topology_clean' (0#1) [/home/ian/amdFPGA/projects/secure_mem_riscv_ian/rtl/topology/securememory_topology_clean.sv:9]
INFO: [Synth 8-6157] synthesizing module 'metadata_controller_serial' [/home/ian/amdFPGA/projects/secure_mem_riscv_ian/rtl/metadata_cache/metadata_controller_serial.sv:9]
	Parameter PLEN bound to: 32'sb00000000000000000000000000111000 
	Parameter CACHELINE_BITS bound to: 32'sb00000000000000000000001000000000 
	Parameter VERSION_W bound to: 32'sb00000000000000000000000001000000 
	Parameter TAG_W bound to: 32'sb00000000000000000000000010000000 
INFO: [Synth 8-6157] synthesizing module 'metadata_cache' [/home/ian/amdFPGA/projects/secure_mem_riscv_ian/rtl/metadata_cache/metadata_cache.sv:3]
	Parameter ADDR_WIDTH bound to: 32'sb00000000000000000000000000111000 
	Parameter DATA_WIDTH bound to: 32'sb00000000000000000000001000000000 
	Parameter CACHE_LINES bound to: 32'sb00000000000000000000000000001000 
	Parameter NUM_WAYS bound to: 32'sb00000000000000000000000000000010 
INFO: [Synth 8-6155] done synthesizing module 'metadata_cache' (0#1) [/home/ian/amdFPGA/projects/secure_mem_riscv_ian/rtl/metadata_cache/metadata_cache.sv:3]
INFO: [Synth 8-6157] synthesizing module 'metadata_counter_allocator' [/home/ian/amdFPGA/projects/secure_mem_riscv_ian/rtl/metadata_cache/metadata_counter_allocator.sv:14]
	Parameter CACHELINE_BITS bound to: 32'sb00000000000000000000001000000000 
	Parameter VERSION_W bound to: 32'sb00000000000000000000000001000000 
INFO: [Synth 8-6155] done synthesizing module 'metadata_counter_allocator' (0#1) [/home/ian/amdFPGA/projects/secure_mem_riscv_ian/rtl/metadata_cache/metadata_counter_allocator.sv:14]
INFO: [Synth 8-294] found qualifier unique on case statement: implementing as parallel_case [/home/ian/amdFPGA/projects/secure_mem_riscv_ian/rtl/metadata_cache/metadata_controller_serial.sv:196]
INFO: [Synth 8-6155] done synthesizing module 'metadata_controller_serial' (0#1) [/home/ian/amdFPGA/projects/secure_mem_riscv_ian/rtl/metadata_cache/metadata_controller_serial.sv:9]
INFO: [Synth 8-6157] synthesizing module 'integritychecker_bmt' [/home/ian/amdFPGA/projects/secure_mem_riscv_ian/rtl/integritychecker/integritychecker_bmt.sv:15]
	Parameter PLEN bound to: 32'sb00000000000000000000000000111000 
	Parameter CACHELINE_BITS bound to: 32'sb00000000000000000000001000000000 
	Parameter VERSION_W bound to: 32'sb00000000000000000000000001000000 
	Parameter TAG_W bound to: 32'sb00000000000000000000000010000000 
	Parameter MARY bound to: 32'sb00000000000000000000000000001000 
	Parameter HASH_KEY bound to: 256'b0110000000111101111010110001000000010101110010100111000110111110001010110111001110101110111100001000010101111101011101111000000100011111001101010010110000000111001110110110000100001000110101110010110110011000000100001010001100001001000101001101111111110100 
	Parameter HASH_KEYLEN bound to: 1'b1 
INFO: [Synth 8-6157] synthesizing module 'bmt_hash_compare' [/home/ian/amdFPGA/projects/secure_mem_riscv_ian/rtl/integritychecker/bmt_hash_compare.sv:12]
	Parameter ADDR_W bound to: 32'sb00000000000000000000000000111000 
	Parameter DATA_W bound to: 32'sb00000000000000000000001000000000 
	Parameter VERSION_W bound to: 32'sb00000000000000000000000001000000 
	Parameter TAG_W bound to: 32'sb00000000000000000000000010000000 
	Parameter HASH_KEY bound to: 256'b0110000000111101111010110001000000010101110010100111000110111110001010110111001110101110111100001000010101111101011101111000000100011111001101010010110000000111001110110110000100001000110101110010110110011000000100001010001100001001000101001101111111110100 
	Parameter HASH_KEYLEN bound to: 1'b1 
INFO: [Synth 8-6157] synthesizing module 'aes_core' [/home/ian/amdFPGA/projects/secure_mem_riscv_ian/rtl/aes/aes_core.v:42]
INFO: [Synth 8-6157] synthesizing module 'aes_encipher_block' [/home/ian/amdFPGA/projects/secure_mem_riscv_ian/rtl/aes/aes_encipher_block.v:43]
INFO: [Synth 8-226] default block is never used [/home/ian/amdFPGA/projects/secure_mem_riscv_ian/rtl/aes/aes_encipher_block.v:423]
INFO: [Synth 8-6155] done synthesizing module 'aes_encipher_block' (0#1) [/home/ian/amdFPGA/projects/secure_mem_riscv_ian/rtl/aes/aes_encipher_block.v:43]
INFO: [Synth 8-6157] synthesizing module 'aes_decipher_block' [/home/ian/amdFPGA/projects/secure_mem_riscv_ian/rtl/aes/aes_decipher_block.v:43]
INFO: [Synth 8-6157] synthesizing module 'aes_inv_sbox' [/home/ian/amdFPGA/projects/secure_mem_riscv_ian/rtl/aes/aes_inv_sbox.v:40]
INFO: [Synth 8-6155] done synthesizing module 'aes_inv_sbox' (0#1) [/home/ian/amdFPGA/projects/secure_mem_riscv_ian/rtl/aes/aes_inv_sbox.v:40]
INFO: [Synth 8-226] default block is never used [/home/ian/amdFPGA/projects/secure_mem_riscv_ian/rtl/aes/aes_decipher_block.v:463]
INFO: [Synth 8-6155] done synthesizing module 'aes_decipher_block' (0#1) [/home/ian/amdFPGA/projects/secure_mem_riscv_ian/rtl/aes/aes_decipher_block.v:43]
INFO: [Synth 8-6157] synthesizing module 'aes_key_mem' [/home/ian/amdFPGA/projects/secure_mem_riscv_ian/rtl/aes/aes_key_mem.v:41]
INFO: [Synth 8-226] default block is never used [/home/ian/amdFPGA/projects/secure_mem_riscv_ian/rtl/aes/aes_key_mem.v:236]
INFO: [Synth 8-6155] done synthesizing module 'aes_key_mem' (0#1) [/home/ian/amdFPGA/projects/secure_mem_riscv_ian/rtl/aes/aes_key_mem.v:41]
INFO: [Synth 8-6157] synthesizing module 'aes_sbox' [/home/ian/amdFPGA/projects/secure_mem_riscv_ian/rtl/aes/aes_sbox.v:42]
INFO: [Synth 8-6155] done synthesizing module 'aes_sbox' (0#1) [/home/ian/amdFPGA/projects/secure_mem_riscv_ian/rtl/aes/aes_sbox.v:42]
INFO: [Synth 8-6155] done synthesizing module 'aes_core' (0#1) [/home/ian/amdFPGA/projects/secure_mem_riscv_ian/rtl/aes/aes_core.v:42]
INFO: [Synth 8-294] found qualifier unique on case statement: implementing as parallel_case [/home/ian/amdFPGA/projects/secure_mem_riscv_ian/rtl/integritychecker/bmt_hash_compare.sv:137]
INFO: [Synth 8-6155] done synthesizing module 'bmt_hash_compare' (0#1) [/home/ian/amdFPGA/projects/secure_mem_riscv_ian/rtl/integritychecker/bmt_hash_compare.sv:12]
INFO: [Synth 8-294] found qualifier unique on case statement: implementing as parallel_case [/home/ian/amdFPGA/projects/secure_mem_riscv_ian/rtl/integritychecker/integritychecker_bmt.sv:191]
INFO: [Synth 8-6155] done synthesizing module 'integritychecker_bmt' (0#1) [/home/ian/amdFPGA/projects/secure_mem_riscv_ian/rtl/integritychecker/integritychecker_bmt.sv:15]
INFO: [Synth 8-6157] synthesizing module 'meu_ctr_datapath' [/home/ian/amdFPGA/projects/secure_mem_riscv_ian/rtl/memory-encryption-unit/meu_ctr_datapath.sv:5]
	Parameter ADDR_W bound to: 32'sb00000000000000000000000000111000 
	Parameter DATA_W bound to: 32'sb00000000000000000000001000000000 
	Parameter VERSION_W bound to: 32'sb00000000000000000000000001000000 
	Parameter AES_KEY bound to: 256'b0010101101111110000101010001011000101000101011101101001010100110101010111111011100010101100010000000100111001111010011110011110000000000000000000000000000000000000000000000000000000000000000000000000000000000000000000000000000000000000000000000000000000000 
	Parameter AES_KEYLEN bound to: 1'b0 
INFO: [Synth 8-6157] synthesizing module 'aes_ctr_nx128' [/home/ian/amdFPGA/projects/secure_mem_riscv_ian/rtl/memory-encryption-unit/aes_ctr_nx128.sv:9]
	Parameter DATA_WIDTH bound to: 32'sb00000000000000000000001000000000 
	Parameter CHUNK_WIDTH bound to: 32'sb00000000000000000000000010000000 
	Parameter AES_KEY bound to: 256'b0010101101111110000101010001011000101000101011101101001010100110101010111111011100010101100010000000100111001111010011110011110000000000000000000000000000000000000000000000000000000000000000000000000000000000000000000000000000000000000000000000000000000000 
	Parameter AES_KEYLEN bound to: 1'b0 
INFO: [Synth 8-294] found qualifier unique on case statement: implementing as parallel_case [/home/ian/amdFPGA/projects/secure_mem_riscv_ian/rtl/memory-encryption-unit/aes_ctr_nx128.sv:74]
INFO: [Synth 8-226] default block is never used [/home/ian/amdFPGA/projects/secure_mem_riscv_ian/rtl/memory-encryption-unit/aes_ctr_nx128.sv:74]
INFO: [Synth 8-6155] done synthesizing module 'aes_ctr_nx128' (0#1) [/home/ian/amdFPGA/projects/secure_mem_riscv_ian/rtl/memory-encryption-unit/aes_ctr_nx128.sv:9]
INFO: [Synth 8-6155] done synthesizing module 'meu_ctr_datapath' (0#1) [/home/ian/amdFPGA/projects/secure_mem_riscv_ian/rtl/memory-encryption-unit/meu_ctr_datapath.sv:5]
INFO: [Synth 8-294] found qualifier unique on case statement: implementing as parallel_case [/home/ian/amdFPGA/projects/secure_mem_riscv_ian/rtl/memory-controller/secure_memory_controller_serial_bmt.sv:317]
INFO: [Synth 8-6155] done synthesizing module 'secure_memory_controller_serial_bmt' (0#1) [/home/ian/amdFPGA/projects/secure_mem_riscv_ian/rtl/memory-controller/secure_memory_controller_serial_bmt.sv:10]
INFO: [Synth 8-6155] done synthesizing module 'secure_serial_clean_top' (0#1) [/home/ian/amdFPGA/projects/secure_mem_riscv_ian/rtl/top/secure_serial_clean_top.sv:7]
WARNING: [Synth 8-6014] Unused sequential element fill_way_reg was removed.  [/home/ian/amdFPGA/projects/secure_mem_riscv_ian/rtl/metadata_cache/metadata_cache.sv:98]
WARNING: [Synth 8-6014] Unused sequential element found_hit_reg was removed.  [/home/ian/amdFPGA/projects/secure_mem_riscv_ian/rtl/metadata_cache/metadata_cache.sv:106]
WARNING: [Synth 8-6014] Unused sequential element tag_line_q_reg was removed.  [/home/ian/amdFPGA/projects/secure_mem_riscv_ian/rtl/integritychecker/integritychecker_bmt.sv:333]
WARNING: [Synth 8-7129] Port addr_i[55] in module meu_ctr_datapath is either unconnected or has no load
WARNING: [Synth 8-7129] Port addr_i[54] in module meu_ctr_datapath is either unconnected or has no load
WARNING: [Synth 8-7129] Port addr_i[53] in module meu_ctr_datapath is either unconnected or has no load
WARNING: [Synth 8-7129] Port addr_i[52] in module meu_ctr_datapath is either unconnected or has no load
WARNING: [Synth 8-7129] Port addr_i[51] in module meu_ctr_datapath is either unconnected or has no load
WARNING: [Synth 8-7129] Port addr_i[50] in module meu_ctr_datapath is either unconnected or has no load
WARNING: [Synth 8-7129] Port addr_i[49] in module meu_ctr_datapath is either unconnected or has no load
WARNING: [Synth 8-7129] Port addr_i[48] in module meu_ctr_datapath is either unconnected or has no load
WARNING: [Synth 8-7129] Port addr_i[47] in module meu_ctr_datapath is either unconnected or has no load
WARNING: [Synth 8-7129] Port addr_i[46] in module meu_ctr_datapath is either unconnected or has no load
WARNING: [Synth 8-7129] Port addr_i[45] in module meu_ctr_datapath is either unconnected or has no load
WARNING: [Synth 8-7129] Port addr_i[44] in module meu_ctr_datapath is either unconnected or has no load
WARNING: [Synth 8-7129] Port addr_i[43] in module meu_ctr_datapath is either unconnected or has no load
WARNING: [Synth 8-7129] Port addr_i[42] in module meu_ctr_datapath is either unconnected or has no load
---------------------------------------------------------------------------------
Finished Synthesize : Time (s): cpu = 00:00:04 ; elapsed = 00:00:04 . Memory (MB): peak = 2077.594 ; gain = 562.629 ; free physical = 28861 ; free virtual = 54505
---------------------------------------------------------------------------------
---------------------------------------------------------------------------------
Finished Constraint Validation : Time (s): cpu = 00:00:04 ; elapsed = 00:00:05 . Memory (MB): peak = 2089.469 ; gain = 574.504 ; free physical = 28833 ; free virtual = 54480
---------------------------------------------------------------------------------
---------------------------------------------------------------------------------
Start Loading Part and Timing Information
---------------------------------------------------------------------------------
Loading part: xc7z020clg400-1
INFO: [Device 21-403] Loading part xc7z020clg400-1
---------------------------------------------------------------------------------
Finished Loading Part and Timing Information : Time (s): cpu = 00:00:04 ; elapsed = 00:00:05 . Memory (MB): peak = 2097.473 ; gain = 582.508 ; free physical = 28833 ; free virtual = 54480
---------------------------------------------------------------------------------
---------------------------------------------------------------------------------
Start Preparing Guide Design
---------------------------------------------------------------------------------
---------------------------------------------------------------------------------
Finished Doing Graph Differ : Time (s): cpu = 00:00:05 ; elapsed = 00:00:05 . Memory (MB): peak = 2097.473 ; gain = 582.508 ; free physical = 28801 ; free virtual = 54452
---------------------------------------------------------------------------------
secure_memory_controller_serial_bmt__GC0meu_ctr_datapath__GC0aes_ctr_nx128__GC0integritychecker_bmt__GC0bmt_hash_compare__GC0aes_coremetadata_controller_serial__GC0metadata_cache__GB1metadata_cache__GB0---------------------------------------------------------------------------------
Finished Preparing Guide Design : Time (s): cpu = 00:00:06 ; elapsed = 00:00:05 . Memory (MB): peak = 2097.473 ; gain = 582.508 ; free physical = 28825 ; free virtual = 54477
---------------------------------------------------------------------------------
---------------------------------------------------------------------------------
Finished RTL Optimization Phase 2 : Time (s): cpu = 00:00:06 ; elapsed = 00:00:06 . Memory (MB): peak = 2097.473 ; gain = 582.508 ; free physical = 28824 ; free virtual = 54476
---------------------------------------------------------------------------------
---------------------------------------------------------------------------------
Start Mimic Skeleton from Reference
---------------------------------------------------------------------------------
---------------------------------------------------------------------------------
Finished Mimic Skeleton from Reference : Time (s): cpu = 00:00:07 ; elapsed = 00:00:06 . Memory (MB): peak = 2097.473 ; gain = 582.508 ; free physical = 28821 ; free virtual = 54474
---------------------------------------------------------------------------------


Incremental Synthesis Report Summary:

1. Incremental synthesis run: yes

   Stitch points used : changed


2. Change Summary

Report Incremental Modules: 
+-+----------------+------------+----------+----------+
| |Changed Modules |Replication |Instances |Changed % |
+-+----------------+------------+----------+----------+
+-+----------------+------------+----------+----------+


   Full Design Size (number of cells) : 193525
   Resynthesis Design Size (number of cells) : 0
   Resynth % : 0.0000,  Reuse % : 100.0000

3. Reference Checkpoint Information

+-----------------------------------------------------------------------------------------------------------------------------------------------------------------------------------------+
| DCP Location:  | /home/ian/amdFPGA/projects/secure_mem_riscv_ian/vivado_projects/fixed_encryption_clean/fixed_encryption_clean.srcs/utils_1/imports/synth_1/secure_serial_clean_top.dcp |
+-----------------------------------------------------------------------------------------------------------------------------------------------------------------------------------------+


+--------------------------------+------------------------------+
|         DCP Information        |             Value            |
+--------------------------------+------------------------------+
| Vivado Version                 |                    v2024.2 |
| DCP State                      |                              |
+--------------------------------+------------------------------+



Report RTL Partitions: 
+------+-------------------------------------------------+------------+----------+
|      |RTL Partition                                    |Replication |Instances |
+------+-------------------------------------------------+------------+----------+
|1     |metadata_cache__GB0_#REUSE#                      |           1|         0|
|2     |metadata_cache__GB1_#REUSE#                      |           1|         0|
|3     |metadata_controller_serial__GC0_#REUSE#          |           1|         0|
|4     |aes_core_#REUSE#                                 |           5|         0|
|5     |bmt_hash_compare__GC0_#REUSE#                    |           1|         0|
|6     |integritychecker_bmt__GC0_#REUSE#                |           1|         0|
|7     |aes_ctr_nx128__GC0_#REUSE#                       |           1|         0|
|8     |meu_ctr_datapath__GC0_#REUSE#                    |           1|         0|
|9     |secure_memory_controller_serial_bmt__GC0_#REUSE# |           1|         0|
+------+-------------------------------------------------+------------+----------+
No constraint files found.
---------------------------------------------------------------------------------
Start RTL Component Statistics 
---------------------------------------------------------------------------------
Detailed RTL Component Info : 
---------------------------------------------------------------------------------
Finished RTL Component Statistics 
---------------------------------------------------------------------------------
---------------------------------------------------------------------------------
Start Part Resource Summary
---------------------------------------------------------------------------------
Part Resources:
DSPs: 220 (col length:60)
BRAMs: 280 (col length: RAMB18 60 RAMB36 30)
---------------------------------------------------------------------------------
Finished Part Resource Summary
---------------------------------------------------------------------------------
No constraint files found.
---------------------------------------------------------------------------------
Start Cross Boundary and Area Optimization
---------------------------------------------------------------------------------
WARNING: [Synth 8-7080] Parallel synthesis criteria is not met
WARNING: [Synth 8-7077] IncrSyn: subsequent runs will still be incremental as the reference run was parallel and that data is reused
---------------------------------------------------------------------------------
Finished Cross Boundary and Area Optimization : Time (s): cpu = 00:00:08 ; elapsed = 00:00:07 . Memory (MB): peak = 2204.191 ; gain = 689.227 ; free physical = 28693 ; free virtual = 54375
---------------------------------------------------------------------------------
No constraint files found.
---------------------------------------------------------------------------------
Start Stitch Unchanged AreaOpt Partitions
---------------------------------------------------------------------------------
---------------------------------------------------------------------------------
Finished Stitch Unchanged AreaOpt Partitions : Time (s): cpu = 00:00:09 ; elapsed = 00:00:07 . Memory (MB): peak = 2248.004 ; gain = 733.039 ; free physical = 28653 ; free virtual = 54344
---------------------------------------------------------------------------------
---------------------------------------------------------------------------------
Start Timing Optimization
---------------------------------------------------------------------------------
---------------------------------------------------------------------------------
Finished Timing Optimization : Time (s): cpu = 00:00:09 ; elapsed = 00:00:08 . Memory (MB): peak = 2266.004 ; gain = 751.039 ; free physical = 28620 ; free virtual = 54337
---------------------------------------------------------------------------------
---------------------------------------------------------------------------------
Start Technology Mapping
---------------------------------------------------------------------------------
WARNING: [Synth 8-7080] Parallel synthesis criteria is not met
WARNING: [Synth 8-7077] IncrSyn: subsequent runs will still be incremental as the reference run was parallel and that data is reused
---------------------------------------------------------------------------------
Finished Technology Mapping : Time (s): cpu = 00:00:09 ; elapsed = 00:00:08 . Memory (MB): peak = 2277.152 ; gain = 762.188 ; free physical = 28601 ; free virtual = 54323
---------------------------------------------------------------------------------
---------------------------------------------------------------------------------
Start Stitch Unchanged Partitions
---------------------------------------------------------------------------------
---------------------------------------------------------------------------------
Finished Stitch Unchanged Partitions : Time (s): cpu = 00:00:09 ; elapsed = 00:00:08 . Memory (MB): peak = 2277.152 ; gain = 762.188 ; free physical = 28602 ; free virtual = 54325
---------------------------------------------------------------------------------
---------------------------------------------------------------------------------
Start IO Insertion
---------------------------------------------------------------------------------
---------------------------------------------------------------------------------
Start Flattening Before IO Insertion
---------------------------------------------------------------------------------
---------------------------------------------------------------------------------
Finished Flattening Before IO Insertion
---------------------------------------------------------------------------------
---------------------------------------------------------------------------------
Start Final Netlist Cleanup
---------------------------------------------------------------------------------
---------------------------------------------------------------------------------
Finished Final Netlist Cleanup
---------------------------------------------------------------------------------
---------------------------------------------------------------------------------
Finished IO Insertion : Time (s): cpu = 00:00:13 ; elapsed = 00:00:12 . Memory (MB): peak = 2435.285 ; gain = 920.320 ; free physical = 28334 ; free virtual = 54237
---------------------------------------------------------------------------------
---------------------------------------------------------------------------------
Start Renaming Generated Instances
---------------------------------------------------------------------------------
---------------------------------------------------------------------------------
Finished Renaming Generated Instances : Time (s): cpu = 00:00:14 ; elapsed = 00:00:12 . Memory (MB): peak = 2435.285 ; gain = 920.320 ; free physical = 28334 ; free virtual = 54238
---------------------------------------------------------------------------------
---------------------------------------------------------------------------------
Start Rebuilding User Hierarchy
---------------------------------------------------------------------------------
---------------------------------------------------------------------------------
Finished Rebuilding User Hierarchy : Time (s): cpu = 00:00:15 ; elapsed = 00:00:14 . Memory (MB): peak = 2442.566 ; gain = 927.602 ; free physical = 28154 ; free virtual = 54206
---------------------------------------------------------------------------------
---------------------------------------------------------------------------------
Start Renaming Generated Ports
---------------------------------------------------------------------------------
---------------------------------------------------------------------------------
Finished Renaming Generated Ports : Time (s): cpu = 00:00:15 ; elapsed = 00:00:14 . Memory (MB): peak = 2442.566 ; gain = 927.602 ; free physical = 28107 ; free virtual = 54197
---------------------------------------------------------------------------------
---------------------------------------------------------------------------------
Start Handling Custom Attributes
---------------------------------------------------------------------------------
---------------------------------------------------------------------------------
Finished Handling Custom Attributes : Time (s): cpu = 00:00:15 ; elapsed = 00:00:14 . Memory (MB): peak = 2442.566 ; gain = 927.602 ; free physical = 28067 ; free virtual = 54193
---------------------------------------------------------------------------------
---------------------------------------------------------------------------------
Start Renaming Generated Nets
---------------------------------------------------------------------------------
---------------------------------------------------------------------------------
Finished Renaming Generated Nets : Time (s): cpu = 00:00:15 ; elapsed = 00:00:14 . Memory (MB): peak = 2442.566 ; gain = 927.602 ; free physical = 28068 ; free virtual = 54196
---------------------------------------------------------------------------------
---------------------------------------------------------------------------------
Start Writing Synthesis Report
---------------------------------------------------------------------------------

Report BlackBoxes: 
+-+--------------+----------+
| |BlackBox name |Instances |
+-+--------------+----------+
+-+--------------+----------+

Report Cell Usage: 
+------+-------+------+
|      |Cell   |Count |
+------+-------+------+
|1     |BUFG   |     1|
|2     |CARRY4 |   126|
|3     |LUT1   |     6|
|4     |LUT2   |  3745|
|5     |LUT3   |  5626|
|6     |LUT4   |  3719|
|7     |LUT5   |  3686|
|8     |LUT6   | 12186|
|9     |MUXF7  |   904|
|10    |MUXF8  |   104|
|11    |FDCE   | 20464|
|12    |FDPE   |    46|
|13    |IBUF   |  1715|
|14    |OBUF   |  1655|
+------+-------+------+

Report Instance Areas: 
+------+----------------------------------------+------------------------------------+------+
|      |Instance                                |Module                              |Cells |
+------+----------------------------------------+------------------------------------+------+
|1     |top                                     |                                    | 53983|
|2     |  u_secure_memory_controller_serial_bmt |secure_memory_controller_serial_bmt | 50612|
|3     |    u_integritychecker                  |integritychecker_bmt                |  9308|
|4     |      u_hash_compare                    |bmt_hash_compare                    |  5177|
|5     |        u_aes_core                      |aes_core_12                         |  4768|
|6     |          enc_block                     |aes_encipher_block_13               |   585|
|7     |          keymem                        |aes_key_mem_14                      |  3266|
|8     |          sbox_inst                     |aes_sbox_15                         |    32|
|9     |    u_metadata_controller               |metadata_controller_serial          | 18968|
|10    |      u_cache                           |metadata_cache                      | 16016|
|11    |    u_meu_ctr                           |meu_ctr_datapath                    | 19446|
|12    |      u_ctr                             |aes_ctr_nx128                       | 17907|
|13    |        \gen_aes_core[0].u_aes_core     |aes_core                            |  4363|
|14    |          enc_block                     |aes_encipher_block_9                |   282|
|15    |          keymem                        |aes_key_mem_10                      |  2999|
|16    |          sbox_inst                     |aes_sbox_11                         |    84|
|17    |        \gen_aes_core[1].u_aes_core     |aes_core_0                          |  4359|
|18    |          enc_block                     |aes_encipher_block_6                |   278|
|19    |          keymem                        |aes_key_mem_7                       |  2999|
|20    |          sbox_inst                     |aes_sbox_8                          |    84|
|21    |        \gen_aes_core[2].u_aes_core     |aes_core_1                          |  4364|
|22    |          enc_block                     |aes_encipher_block_3                |   279|
|23    |          keymem                        |aes_key_mem_4                       |  3000|
|24    |          sbox_inst                     |aes_sbox_5                          |    84|
|25    |        \gen_aes_core[3].u_aes_core     |aes_core_2                          |  4359|
|26    |          enc_block                     |aes_encipher_block                  |   278|
|27    |          keymem                        |aes_key_mem                         |  2999|
|28    |          sbox_inst                     |aes_sbox                            |    84|
+------+----------------------------------------+------------------------------------+------+
---------------------------------------------------------------------------------
Finished Writing Synthesis Report : Time (s): cpu = 00:00:15 ; elapsed = 00:00:14 . Memory (MB): peak = 2442.566 ; gain = 927.602 ; free physical = 28062 ; free virtual = 54190
---------------------------------------------------------------------------------
Synthesis finished with 0 errors, 0 critical warnings and 21 warnings.
Synthesis Optimization Runtime : Time (s): cpu = 00:00:15 ; elapsed = 00:00:14 . Memory (MB): peak = 2442.566 ; gain = 927.602 ; free physical = 28054 ; free virtual = 54182
Synthesis Optimization Complete : Time (s): cpu = 00:00:15 ; elapsed = 00:00:14 . Memory (MB): peak = 2442.574 ; gain = 927.602 ; free physical = 28054 ; free virtual = 54182
INFO: [Project 1-571] Translating synthesized netlist
Netlist sorting complete. Time (s): cpu = 00:00:00.2 ; elapsed = 00:00:00.2 . Memory (MB): peak = 2484.293 ; gain = 0.000 ; free physical = 28250 ; free virtual = 54255
INFO: [Netlist 29-17] Analyzing 1134 Unisim elements for replacement
INFO: [Netlist 29-28] Unisim Transformation completed in 0 CPU seconds
INFO: [Project 1-570] Preparing netlist for logic optimization
INFO: [Opt 31-138] Pushed 0 inverter(s) to 0 load pin(s).
Netlist sorting complete. Time (s): cpu = 00:00:00 ; elapsed = 00:00:00 . Memory (MB): peak = 2610.668 ; gain = 0.000 ; free physical = 28097 ; free virtual = 54235
INFO: [Project 1-111] Unisim Transformation Summary:
No Unisim elements were transformed.

Synth Design complete | Checksum: 8ece5a24
INFO: [Common 17-83] Releasing license: Synthesis
57 Infos, 21 Warnings, 0 Critical Warnings and 0 Errors encountered.
synth_design completed successfully
synth_design: Time (s): cpu = 00:00:22 ; elapsed = 00:00:19 . Memory (MB): peak = 2610.668 ; gain = 1104.625 ; free physical = 28098 ; free virtual = 54236
INFO: [Common 17-2834] synth_design peak Physical Memory [PSS] (MB): overall = 1754.409; main = 1754.409; forked = 227.106
INFO: [Common 17-2834] synth_design peak Virtual Memory [VSS] (MB): overall = 3208.789; main = 2610.672; forked = 917.047
Write ShapeDB Complete: Time (s): cpu = 00:00:00.1 ; elapsed = 00:00:00.04 . Memory (MB): peak = 2634.680 ; gain = 0.000 ; free physical = 28094 ; free virtual = 54236
INFO: [Common 17-1381] The checkpoint '/home/ian/amdFPGA/projects/secure_mem_riscv_ian/vivado_projects/fixed_encryption_clean/fixed_encryption_clean.runs/synth_1/secure_serial_clean_top.dcp' has been generated.
INFO: [Vivado 12-24828] Executing command : report_utilization -file secure_serial_clean_top_utilization_synth.rpt -pb secure_serial_clean_top_utilization_synth.pb
INFO: [Common 17-206] Exiting Vivado at Mon Apr 27 16:17:51 2026...
